[www.csmedlab.com/index.html]
[backblue.gif]
[fade.gif]
[index.html]
[img.bj.wezhan.cn/Plugins/Designer/Content/css/base.pc.css]
[img.bj.wezhan.cn/Plugins/Designer/Content/mw-iconfont/iconfont.css]
[img.bj.wezhan.cn/Plugins/Designer/Content/css/pagerStyle/pager.css]
[img.bj.wezhan.cn/Plugins/Designer/Content/css/base/css/font-awesome.min.css]
[img.bj.wezhan.cn/Plugins/Designer/Script/jquery-migrate-1.2.1.min.js]
[img.bj.wezhan.cn/Plugins/Designer/Script/jquery-1.9.1.min.js]
[img.bj.wezhan.cn/Plugins/Designer/Script/jquery.lazyload.min.js]
[img.bj.wezhan.cn/Plugins/Designer/Script/kino.razor.min.js]
[img.bj.wezhan.cn/Plugins/Designer/Script/underscore-min.js]
[img.bj.wezhan.cn/Plugins/Designer/Script/jquery.slider.js]
[img.bj.wezhan.cn/Scripts/public.common.min.js]
[img.bj.wezhan.cn/Scripts/jquery.color.js]
[img.bj.wezhan.cn/Plugins/Designer/Script/velocity.ui.min.js]
[img.bj.wezhan.cn/content/sitefiles/2016084/images/9917603_检验所-中南检验新改111.png]
[img.bj.wezhan.cn/Plugins/Designer/Script/velocity.min.js]
[img.bj.wezhan.cn/Scripts/jquery.validatestar.min.js]
[img.bj.wezhan.cn/content/sitefiles/2016084/images/7062476_61.png]
[www.csmedlab.com/sy.html]
[www.csmedlab.com/gywm.html]
[www.csmedlab.com/jyjc.html]
[www.csmedlab.com/wccqjyjc.html]
[www.csmedlab.com/rxajyjc.html]
[www.csmedlab.com/tfjyjc.html]
[www.csmedlab.com/yyzjyjc.html]
[www.csmedlab.com/jzcajyjc.html]
[www.csmedlab.com/dzljyjc.html]
[www.csmedlab.com/qjyzjc.html]
[www.csmedlab.com/myjs.html]
[img.bj.wezhan.cn/Plugins/Designer/Script/jquery-ui.min.js]
[www.csmedlab.com/myljc.html]
[www.csmedlab.com/torchysyysc.html]
[www.csmedlab.com/hxdcrbzd.html]
[www.csmedlab.com/wcdjxgjbzd.html]
[www.csmedlab.com/zjgrjbzd.html]
[www.csmedlab.com/cmcrbzd.html]
[www.csmedlab.com/myxgzdymxgjc.html]
[www.csmedlab.com/fbktjcymyzl.html]
[www.csmedlab.com/blzd.html]
[www.csmedlab.com/dnabtdl.html]
[www.csmedlab.com/hpv l1jc—gjbbyh.html]
[www.csmedlab.com/rsthxfx.html]
[www.csmedlab.com/zxdtt.html]
[www.csmedlab.com/tzgg.html]
[www.csmedlab.com/jspt.html]
[www.csmedlab.com/jszc.html]
[www.csmedlab.com/jjfa.html]
[www.csmedlab.com/zxns.html]
[www.csmedlab.com/lxwm.html]
[www.csmedlab.com/lypt.html]
[img.bj.wezhan.cn/content/sitefiles/2016084/images/6999073_5.png]
[img.bj.wezhan.cn/content/sitefiles/2016084/images/7000106_21.png]
[img.bj.wezhan.cn/content/sitefiles/2016084/images/7062474_59.png]
[www.csmedlab.com/newsitem/278443485.html]
[www.csmedlab.com/newsitem/278443481.html]
[www.csmedlab.com/newsitem/278443463.html]
[www.csmedlab.com/newsitem/278437144.html]
[www.csmedlab.com/newsitem/278437145.html]
[www.csmedlab.com/newsitem/278437148.html]
[www.csmedlab.com/newsitem/278432420.html]
[www.csmedlab.com/newsitem/278432173.html]
[www.csmedlab.com/newsitem/278430011.html]
[www.csmedlab.com/newsitem/278426123.html]
[www.csmedlab.com/newsitem/278426092.html]
[www.csmedlab.com/newsitem/278426089.html]
[www.csmedlab.com/newsitem/278416515.html]
[www.csmedlab.com/newsitem/278416513.html]
[www.csmedlab.com/newsitem/278416507.html]
[www.csmedlab.com/newsitem/278410101.html]
[www.csmedlab.com/newsitem/278410098.html]
[www.csmedlab.com/newsitem/278410095.html]
[www.csmedlab.com/newsitem/278394920.html]
[www.csmedlab.com/newsitem/278394914.html]
[www.csmedlab.com/newsitem/278394910.html]
[www.csmedlab.com/newsitem/278383658.html]
[www.csmedlab.com/newsitem/278383657.html]
[www.csmedlab.com/newsitem/278383655.html]
[www.csmedlab.com/newsitem/278372318.html]
[www.csmedlab.com/newsitem/278371247.html]
[www.csmedlab.com/newsitem/278365922.html]
[www.csmedlab.com/newsitem/278359984.html]
[www.csmedlab.com/newsitem/278359974.html]
[www.csmedlab.com/newsitem/278359975.html]
[www.csmedlab.com/newsitem/278346820.html]
[www.csmedlab.com/newsitem/278346816.html]
[www.csmedlab.com/newsitem/278346805.html]
[www.csmedlab.com/newsitem/278340646.html]
[www.csmedlab.com/newsitem/278340638.html]
[www.csmedlab.com/newsitem/278340636.html]
[www.csmedlab.com/newsitem/278334236.html]
[www.csmedlab.com/newsitem/278334057.html]
[www.csmedlab.com/newsitem/278334052.html]
[www.csmedlab.com/newsitem/278334045.html]
[www.csmedlab.com/newsitem/278315143.html]
[www.csmedlab.com/newsitem/278315086.html]
[www.csmedlab.com/newsitem/278315082.html]
[www.csmedlab.com/newsitem/278299166.html]
[www.csmedlab.com/newsitem/278299165.html]
[www.csmedlab.com/newsitem/278299157.html]
[www.csmedlab.com/newsitem/278299139.html]
[www.csmedlab.com/newsitem/278286239.html]
[www.csmedlab.com/newsitem/278286235.html]
[www.csmedlab.com/newsitem/278286234.html]
[img.bj.wezhan.cn/content/sitefiles/2016084/images/7062472_58.png]
[img.bj.wezhan.cn/content/sitefiles/2016084/images/7000643_8.png]
[img.bj.wezhan.cn/content/sitefiles/2016084/images/7000645_10.png]
[img.bj.wezhan.cn/content/sitefiles/2016084/images/7000644_9.png]
[img.bj.wezhan.cn/content/sitefiles/2016084/images/7062477_62.png]
[img.bj.wezhan.cn/content/sitefiles/2016084/images/7001300_30.png]
[img.bj.wezhan.cn/transparent.gif]
[img.bj.wezhan.cn/content/sitefiles/2016084/images/7000745_23.png]
[img.bj.wezhan.cn/content/sitefiles/2016084/images/7000746_24..png]
[img.bj.wezhan.cn/content/sitefiles/2016084/images/7000747_25.png]
[img.bj.wezhan.cn/content/sitefiles/2016084/images/7000748_26.png]
[img.bj.wezhan.cn/content/sitefiles/2016084/images/7000810_27.png]
[img.bj.wezhan.cn/content/sitefiles/2016084/images/7000823_28.png]
[img.bj.wezhan.cn/content/sitefiles/2016084/images/0004198_yunmeng.png]
[www.csmedlab.com/content/image/aliyun_logo.png]
[www.csmedlab.com/index.html]
[img.bj.wezhan.cn/Plugins/Designer/Content/css/fonts/clouddream.eot]
[img.bj.wezhan.cn/Plugins/Designer/Content/css/fonts/clouddream.woff]
[img.bj.wezhan.cn/Plugins/Designer/Content/css/fonts/clouddream.ttf]
[img.bj.wezhan.cn/Plugins/Designer/Content/image/phone-bg.png]
[img.bj.wezhan.cn/Plugins/Designer/Content/css/base.pc.css]
[img.bj.wezhan.cn/Plugins/Designer/Content/mw-iconfont/iconfont7091.eot]
[img.bj.wezhan.cn/Plugins/Designer/Content/mw-iconfont/iconfont7091.woff]
[img.bj.wezhan.cn/Plugins/Designer/Content/mw-iconfont/iconfont7091.ttf]
[img.bj.wezhan.cn/Plugins/Designer/Content/mw-iconfont/iconfont7091.svg]
[img.bj.wezhan.cn/Plugins/Designer/Content/mw-iconfont/iconfont.css]
[img.bj.wezhan.cn/Plugins/Designer/Content/css/pagerStyle/pager.css]
[img.bj.wezhan.cn/Plugins/Designer/Content/css/base/css/font-awesome.min.css]
[img.bj.wezhan.cn/content/sitefiles/2016084/images/6998980_3.png]
[img.bj.wezhan.cn/Plugins/Designer/Content/css/images/slider-arrow.png]
[img.bj.wezhan.cn/content/sitefiles/2016084/images/7000857_6.png]
[img.bj.wezhan.cn/content/sitefiles/2016084/images/7001073_20.png]
[img.bj.wezhan.cn/content/sitefiles/2016084/images/7000647_12.png]
[img.bj.wezhan.cn/content/sitefiles/2016084/images/7062478_63.png]
[img.bj.wezhan.cn/content/sitefiles/2016084/images/7062479_64.png]
[img.bj.wezhan.cn/content/sitefiles2016/2016084/css/pc/1265_zh-CN.css]
[www.csmedlab.com/sy.html]
[www.csmedlab.com/amh.html]
[img.bj.wezhan.cn/content/sitefiles/2016084/images/7015937_55.png]
[img.bj.wezhan.cn/content/sitefiles/2016084/images/7015946_54.png]
[img.bj.wezhan.cn/content/sitefiles/2016084/images/7015938_56.png]
[img.bj.wezhan.cn/content/sitefiles/2016084/images/7062541_67.png]
[img.bj.wezhan.cn/content/sitefiles/2016084/images/7008649_34.png]
[img.bj.wezhan.cn/content/sitefiles/2016084/images/7008650_35.png]
[img.bj.wezhan.cn/content/sitefiles/2016084/images/7015728_53.png]
[www.csmedlab.com/gywm.html]
[www.csmedlab.com/jcsq.html]
[img.bj.wezhan.cn/content/sitefiles/2016084/images/7062552_68.png]
[img.bj.wezhan.cn/content/sitefiles/2016084/images/7009882_38.png]
[www.csmedlab.com/jyjc.html]
[img.bj.wezhan.cn/content/sitefiles/2016084/images/7009915_39.png]
[www.csmedlab.com/wccqjyjc.html]
[img.bj.wezhan.cn/content/sitefiles/2016084/images/7009948_40.png]
[www.csmedlab.com/rxajyjc.html]
[img.bj.wezhan.cn/content/sitefiles/2016084/images/7009971_41.png]
[www.csmedlab.com/tfjyjc.html]
[img.bj.wezhan.cn/content/sitefiles/2016084/images/7010008_42.png]
[www.csmedlab.com/yyzjyjc.html]
[img.bj.wezhan.cn/content/sitefiles/2016084/images/7010028_43.png]
[www.csmedlab.com/jzcajyjc.html]
[img.bj.wezhan.cn/content/sitefiles/2016084/images/7010040_44.png]
[www.csmedlab.com/dzljyjc.html]
[img.bj.wezhan.cn/content/sitefiles/2016084/images/7010070_45.png]
[www.csmedlab.com/qjyzjc.html]
[img.bj.wezhan.cn/content/sitefiles/2016084/images/7010448_48.png]
[www.csmedlab.com/myjs.html]
[www.csmedlab.com/myljc.html]
[www.csmedlab.com/torchysyysc.html]
[www.csmedlab.com/hxdcrbzd.html]
[www.csmedlab.com/wcdjxgjbzd.html]
[www.csmedlab.com/zjgrjbzd.html]
[www.csmedlab.com/cmcrbzd.html]
[www.csmedlab.com/myxgzdymxgjc.html]
[www.csmedlab.com/fbktjcymyzl.html]
[www.csmedlab.com/blzd.html]
[img.bj.wezhan.cn/content/sitefiles/2016084/images/7010286_46.png]
[www.csmedlab.com/dnabtdl.html]
[img.bj.wezhan.cn/content/sitefiles/2016084/images/7010336_47.png]
[www.csmedlab.com/hpv l1jc—gjbbyh.html]
[www.csmedlab.com/rsthxfx.html]
[www.csmedlab.com/zxdtt.html]
[www.csmedlab.com/tzgg.html]
[www.csmedlab.com/jspt.html]
[www.csmedlab.com/jszc.html]
[www.csmedlab.com/jjfa.html]
[www.csmedlab.com/zxns.html]
[img.bj.wezhan.cn/content/sitefiles/2016084/images/7013402_49.png]
[img.bj.wezhan.cn/content/sitefiles/2016084/images/7013403_50.png]
[img.bj.wezhan.cn/content/sitefiles/2016084/images/7013404_51.png]
[img.bj.wezhan.cn/content/sitefiles/2016084/images/7013406_52.png]
[www.csmedlab.com/lxwm.html]
[img.bj.wezhan.cn/Scripts/jquery.form.min.js]
[img.bj.wezhan.cn/Scripts/jquery.validate.min.js]
[img.bj.wezhan.cn/Scripts/jquery.validate.unobtrusive.min.js]
[img.bj.wezhan.cn/Plugins/Designer/Script/leaveword.js]
[www.csmedlab.com/lypt.html]
[img.bj.wezhan.cn/content/sitefiles/2016084/images/6999073_5.png]
[img.bj.wezhan.cn/content/sitefiles/2016084/images/7000106_21.png]
[www.csmedlab.com/Scripts/jquery.cookie.js]
[www.csmedlab.com/Runtime/NewcomevVisits]
[www.csmedlab.com/newsitem/278443485.html]
[www.csmedlab.com/newsitem/278443481.html]
[www.csmedlab.com/newsitem/278443463.html]
[www.csmedlab.com/newsitem/278437144.html]
[www.csmedlab.com/newsitem/278437145.html]
[www.csmedlab.com/newsitem/278437148.html]
[img.bj.wezhan.cn/content/sitefiles/2016084/images/13116033_7_副本.jpg]
[img.bj.wezhan.cn/content/sitefiles/2016084/images/13115723_3.png]
[img.bj.wezhan.cn/content/sitefiles/2016084/images/13116037_8_副本.jpg]
[img.bj.wezhan.cn/content/sitefiles/2016084/images/13115725_6.png]
[img.bj.wezhan.cn/content/sitefiles/2016084/images/13115726_7.png]
[img.bj.wezhan.cn/content/sitefiles/2016084/images/13116030_6_副本.jpg]
[www.csmedlab.com/newsitem/278432420.html]
[img.bj.wezhan.cn/content/sitefiles/2016084/images/13116522_1-p.jpg]
[img.bj.wezhan.cn/content/sitefiles/2016084/images/13114909_与你同行2.jpg]
[img.bj.wezhan.cn/content/sitefiles/2016084/images/13114911_与你同行4.jpg]
[img.bj.wezhan.cn/content/sitefiles/2016084/images/13114912_与你同行5.jpg]
[www.csmedlab.com/newsitem/278432173.html]
[img.bj.wezhan.cn/content/sitefiles/2016084/images/13116529_13091609_1.jpg]
[img.bj.wezhan.cn/content/sitefiles/2016084/images/13091623_2.png]
[img.bj.wezhan.cn/content/sitefiles/2016084/images/13091624_3.png]
[img.bj.wezhan.cn/content/sitefiles/2016084/images/13091625_4.png]
[img.bj.wezhan.cn/content/sitefiles/2016084/images/13091629_5.png]
[img.bj.wezhan.cn/content/sitefiles/2016084/images/13091633_6.png]
[img.bj.wezhan.cn/content/sitefiles/2016084/images/13091634_7.png]
[img.bj.wezhan.cn/content/sitefiles/2016084/images/13091635_8.png]
[img.bj.wezhan.cn/content/sitefiles/2016084/images/13091636_9.png]
[img.bj.wezhan.cn/content/sitefiles/2016084/images/13091637_10.png]
[img.bj.wezhan.cn/content/sitefiles/2016084/images/13091641_11.png]
[img.bj.wezhan.cn/content/sitefiles/2016084/images/13091642_12.png]
[www.csmedlab.com/newsitem/278430011.html]
[img.bj.wezhan.cn/content/sitefiles/2016084/images/13076319_640.jpg]
[img.bj.wezhan.cn/content/sitefiles/2016084/images/13076321_64.jpg]
[img.bj.wezhan.cn/content/sitefiles/2016084/images/13076322_40.jpg]
[img.bj.wezhan.cn/content/sitefiles/2016084/images/13076323_0.jpg]
[img.bj.wezhan.cn/content/sitefiles/2016084/images/13076324_-0.jpg]
[www.csmedlab.com/newsitem/278426123.html]
[www.csmedlab.com/newsitem/278426092.html]
[www.csmedlab.com/newsitem/278426089.html]
[www.csmedlab.com/newsitem/278416515.html]
[www.jdf-tech.com.cn/edit_file/Image/2019-8-16/2019081614310062.jpg]
[www.jdf-tech.com.cn/edit_file/Image/2019-8-16/2019081614312199.jpg]
[www.csmedlab.com/newsitem/278416513.html]
[img.bj.wezhan.cn/content/sitefiles/2016084/images/13037761_微信图片2.jpg]
[img.bj.wezhan.cn/content/sitefiles/2016084/images/13037763_微信图片_3.jpg]
[www.csmedlab.com/newsitem/278416507.html]
[www.csmedlab.com/newsitem/278410101.html]
[img.bj.wezhan.cn/content/sitefiles/2016084/images/13006609_31.jpg]
[img.bj.wezhan.cn/content/sitefiles/2016084/images/13006610_21.jpg]
[img.bj.wezhan.cn/content/sitefiles/2016084/images/13006611_08.jpg]
[img.bj.wezhan.cn/content/sitefiles/2016084/images/13006612_18.jpg]
[img.bj.wezhan.cn/content/sitefiles/2016084/images/13006613_06.jpg]
[img.bj.wezhan.cn/content/sitefiles/2016084/images/13006614_56.jpg]
[img.bj.wezhan.cn/content/sitefiles/2016084/images/13006615_31.jpg]
[www.csmedlab.com/newsitem/278410098.html]
[img.bj.wezhan.cn/content/sitefiles/2016084/images/13006608_50.jpg]
[www.csmedlab.com/newsitem/278410095.html]
[img.bj.wezhan.cn/content/sitefiles/2016084/images/12893500_5.jpg]
[img.bj.wezhan.cn/content/sitefiles/2016084/images/12893505_6.jpg]
[img.bj.wezhan.cn/content/sitefiles/2016084/images/12893507_7.jpg]
[www.csmedlab.com/newsitem/278394920.html]
[img.bj.wezhan.cn/content/sitefiles/2016084/images/12893486_3.jpg]
[img.bj.wezhan.cn/content/sitefiles/2016084/images/12893487_4.jpg]
[www.csmedlab.com/newsitem/278394914.html]
[www.csmedlab.com/newsitem/278394910.html]
[www.csmedlab.com/newsitem/278383658.html]
[img.bj.wezhan.cn/content/sitefiles/2016084/images/12847204_微信图片_1.jpg]
[img.bj.wezhan.cn/content/sitefiles/2016084/images/12847209_微信图片_2.jpg]
[img.bj.wezhan.cn/content/sitefiles/2016084/images/12847211_微信图片_3.jpg]
[www.csmedlab.com/newsitem/278383657.html]
[www.csmedlab.com/newsitem/278383655.html]
[img.bj.wezhan.cn/content/sitefiles/2016084/images/12794268_阿西吧.png]
[www.csmedlab.com/newsitem/278372318.html]
[www.csmedlab.com/newsitem/278371247.html]
[img.bj.wezhan.cn/content/sitefiles/2016084/images/12753106_1.png]
[img.bj.wezhan.cn/content/sitefiles/2016084/images/12753108_2.png]
[img.bj.wezhan.cn/content/sitefiles/2016084/images/12753109_3.png]
[img.bj.wezhan.cn/content/sitefiles/2016084/images/12753110_4.png]
[img.bj.wezhan.cn/content/sitefiles/2016084/images/12753111_5.png]
[img.bj.wezhan.cn/content/sitefiles/2016084/images/12753113_6.png]
[img.bj.wezhan.cn/content/sitefiles/2016084/images/12753114_8.png]
[img.bj.wezhan.cn/content/sitefiles/2016084/images/12753115_10.png]
[img.bj.wezhan.cn/content/sitefiles/2016084/images/12753116_11.png]
[img.bj.wezhan.cn/content/sitefiles/2016084/images/12753118_12.png]
[img.bj.wezhan.cn/content/sitefiles/2016084/images/12753119_13.png]
[img.bj.wezhan.cn/content/sitefiles/2016084/images/12753120_14.png]
[img.bj.wezhan.cn/content/sitefiles/2016084/images/12753121_15.png]
[www.csmedlab.com/newsitem/278365922.html]
[www.csmedlab.com/newsitem/278359984.html]
[www.csmedlab.com/newsitem/278359974.html]
[www.csmedlab.com/newsitem/278359975.html]
[www.csmedlab.com/newsitem/278346820.html]
[img.bj.wezhan.cn/content/sitefiles/2016084/images/12666433_1.jpg]
[img.bj.wezhan.cn/content/sitefiles/2016084/images/12666436_2.jpg]
[www.csmedlab.com/newsitem/278346816.html]
[img.bj.wezhan.cn/content/sitefiles/2016084/images/12666417_1.jpg]
[www.csmedlab.com/newsitem/278346805.html]
[www.csmedlab.com/newsitem/278340646.html]
[www.csmedlab.com/newsitem/278340638.html]
[www.csmedlab.com/newsitem/278340636.html]
[img.bj.wezhan.cn/content/sitefiles/2016084/images/12608796_新闻2.png]
[img.bj.wezhan.cn/content/sitefiles/2016084/images/12608803_新闻3.png]
[www.csmedlab.com/newsitem/278334236.html]
[www.csmedlab.com/newsitem/278334057.html]
[img.bj.wezhan.cn/content/sitefiles/2016084/images/12607993_新闻10.gif]
[www.csmedlab.com/newsitem/278334052.html]
[img.bj.wezhan.cn/content/sitefiles/2016084/images/12607946_新闻3.jpg]
[img.bj.wezhan.cn/content/sitefiles/2016084/images/12607955_新闻4.jpg]
[img.bj.wezhan.cn/content/sitefiles/2016084/images/12607956_新闻61.jpg]
[img.bj.wezhan.cn/content/sitefiles/2016084/images/12607970_新闻7.jpg]
[img.bj.wezhan.cn/content/sitefiles/2016084/images/12607973_新闻8.jpg]
[img.bj.wezhan.cn/content/sitefiles/2016084/images/12607975_新闻9.jpg]
[www.csmedlab.com/newsitem/278334045.html]
[img.bj.wezhan.cn/content/sitefiles/2016084/images/12523191_1.jpg]
[img.bj.wezhan.cn/content/sitefiles/2016084/images/12523193_2.jpg]
[img.bj.wezhan.cn/content/sitefiles/2016084/images/12523194_3.jpg]
[img.bj.wezhan.cn/content/sitefiles/2016084/images/12523196_4.jpg]
[img.bj.wezhan.cn/content/sitefiles/2016084/images/12523198_5.jpg]
[www.csmedlab.com/newsitem/278315143.html]
[www.csmedlab.com/newsitem/278315086.html]
[www.csmedlab.com/newsitem/278315082.html]
[www.csmedlab.com/newsitem/278299166.html]
[www.csmedlab.com/newsitem/278299165.html]
[www.csmedlab.com/newsitem/278299157.html]
[img.bj.wezhan.cn/content/sitefiles/2016084/images/12459440_1.png]
[img.bj.wezhan.cn/content/sitefiles/2016084/images/12459441_2.png]
[img.bj.wezhan.cn/content/sitefiles/2016084/images/12459443_3.png]
[img.bj.wezhan.cn/content/sitefiles/2016084/images/12459444_4.png]
[img.bj.wezhan.cn/content/sitefiles/2016084/images/12459446_5.png]
[img.bj.wezhan.cn/content/sitefiles/2016084/images/12459493_2或.png]
[www.csmedlab.com/newsitem/278299139.html]
[img.bj.wezhan.cn/content/sitefiles/2016084/images/12409527_1538-2.jpg]
[img.bj.wezhan.cn/content/sitefiles/2016084/images/12409526_153-1.jpg]
[img.bj.wezhan.cn/content/sitefiles/2016084/images/12409524_15.jpg]
[www.csmedlab.com/newsitem/278286239.html]
[www.csmedlab.com/newsitem/278286235.html]
[www.csmedlab.com/newsitem/278270880.html]
[www.csmedlab.com/newsitem/278286234.html]
[img.bj.wezhan.cn/Plugins/Designer/Content/images/select_bg.gif]
[img.bj.wezhan.cn/Plugins/Designer/Content/mw-iconfont/iconfont7091.svg]
[img.bj.wezhan.cn/content/sitefiles/2016084/images/7062539_65.png]
[img.bj.wezhan.cn/content/sitefiles/2016084/images/7062540_66.png]
[img.bj.wezhan.cn/content/sitefiles2016/2016084/css/pc/37676_zh-CN.css]
[www.csmedlab.com/amh.html]
[img.bj.wezhan.cn/content/sitefiles2016/2016084/css/pc/277328338_zh-CN.css]
[img.bj.wezhan.cn/Plugins/Designer/Script/My97DatePicker/WdatePicker.js]
[www.csmedlab.com/jcsq.html]
[img.bj.wezhan.cn/content/sitefiles2016/2016084/css/pc/277328348_zh-CN.css]
[img.bj.wezhan.cn/content/sitefiles2016/2016084/css/pc/277328355_zh-CN.css]
[img.bj.wezhan.cn/content/sitefiles2016/2016084/css/pc/277328357_zh-CN.css]
[img.bj.wezhan.cn/content/sitefiles2016/2016084/css/pc/277328360_zh-CN.css]
[img.bj.wezhan.cn/content/sitefiles2016/2016084/css/pc/277328365_zh-CN.css]
[img.bj.wezhan.cn/content/sitefiles2016/2016084/css/pc/277328369_zh-CN.css]
[img.bj.wezhan.cn/content/sitefiles2016/2016084/css/pc/277328373_zh-CN.css]
[img.bj.wezhan.cn/content/sitefiles2016/2016084/css/pc/277328409_zh-CN.css]
[img.bj.wezhan.cn/content/sitefiles2016/2016084/css/pc/277328425_zh-CN.css]
[img.bj.wezhan.cn/content/sitefiles2016/2016084/css/pc/277328412_zh-CN.css]
[img.bj.wezhan.cn/content/sitefiles2016/2016084/css/pc/277328417_zh-CN.css]
[img.bj.wezhan.cn/content/sitefiles2016/2016084/css/pc/277328419_zh-CN.css]
[img.bj.wezhan.cn/content/sitefiles2016/2016084/css/pc/277328421_zh-CN.css]
[img.bj.wezhan.cn/content/sitefiles2016/2016084/css/pc/277328422_zh-CN.css]
[img.bj.wezhan.cn/content/sitefiles2016/2016084/css/pc/277328424_zh-CN.css]
[img.bj.wezhan.cn/content/sitefiles2016/2016084/css/pc/277328428_zh-CN.css]
[img.bj.wezhan.cn/content/sitefiles2016/2016084/css/pc/277328393_zh-CN.css]
[img.bj.wezhan.cn/content/sitefiles2016/2016084/css/pc/277328401_zh-CN.css]
[img.bj.wezhan.cn/content/sitefiles2016/2016084/css/pc/277328405_zh-CN.css]
[img.bj.wezhan.cn/content/sitefiles2016/2016084/css/pc/277328407_zh-CN.css]
[img.bj.wezhan.cn/content/sitefiles2016/2016084/css/pc/277328431_zh-CN.css]
[img.bj.wezhan.cn/content/sitefiles2016/2016084/css/pc/277332172_zh-CN.css]
[img.bj.wezhan.cn/content/sitefiles2016/2016084/css/pc/277328524_zh-CN.css]
[img.bj.wezhan.cn/content/sitefiles2016/2016084/css/pc/277328532_zh-CN.css]
[img.bj.wezhan.cn/content/sitefiles2016/2016084/css/pc/277328533_zh-CN.css]
[img.bj.wezhan.cn/content/sitefiles2016/2016084/css/pc/277328538_zh-CN.css]
[img.bj.wezhan.cn/content/sitefiles2016/2016084/css/pc/277328540_zh-CN.css]
[img.bj.wezhan.cn/content/sitefiles2016/2016084/css/pc/277329799_zh-CN.css]
[img.bj.wezhan.cn/content/sitefiles2016/2016084/css/pc/9_zh-CN.css]
[www.csmedlab.com/Runtime/NewcomevVisits.html]
[www.virion-serion.net/uploads/allimg/190426/1-1Z4261JR1314.html]
[www.virion-serion.net/uploads/allimg/190426/1-1Z4261K932413.html]
[img.bj.wezhan.cn/content/sitefiles/2016084/images/13115723_3.png]
[img.bj.wezhan.cn/content/sitefiles/2016084/images/12353141_微信图片_20180903170907.jpg]
[www.csmedlab.com/newsitem/278270880.html]
[img.bj.wezhan.cn/content/sitefiles2016/2016084/css/pc/277721080_zh-CN.css]
[img.bj.wezhan.cn/content/sitefiles2016/2016084/css/pc/277330965_zh-CN.css]
[www.csmedlab.com/newsitem/278270832.html]
[img.bj.wezhan.cn/Plugins/Designer/Script/My97DatePicker/skin/datePicker.gif]
[img.bj.wezhan.cn/Plugins/Designer/Script/My97DatePicker/skin/WdatePicker.css]
[www.csmedlab.com/newsitem/278270832.html]
[www.csmedlab.com/newsitem/278270817.html]
[www.csmedlab.com/newsitem/278270817.html]
[www.csmedlab.com/newsitem/278251332.html]
[www.csmedlab.com/newsitem/278251332.html]
[www.csmedlab.com/newsitem/278251293.html]
[www.csmedlab.com/newsitem/278251293.html]
[www.csmedlab.com/newsitem/278251285.html]
[www.csmedlab.com/newsitem/278246483.html]
[www.csmedlab.com/newsitem/278251285.html]
[img.bj.wezhan.cn/content/sitefiles/2016084/images/12257921_31.png]
[img.bj.wezhan.cn/content/sitefiles/2016084/images/12257931_32.png]
[img.bj.wezhan.cn/content/sitefiles/2016084/images/12257933_33.png]
[www.csmedlab.com/newsitem/278246483.html]
[www.csmedlab.com/newsitem/278237345.html]
[img.bj.wezhan.cn/content/sitefiles/2016084/images/12220324_1.png]
[img.bj.wezhan.cn/content/sitefiles/2016084/images/12220325_2.png]
[img.bj.wezhan.cn/content/sitefiles/2016084/images/12220326_3.png]
[img.bj.wezhan.cn/content/sitefiles/2016084/images/12220327_4.png]
[img.bj.wezhan.cn/content/sitefiles/2016084/images/12221969_33.png]
[www.csmedlab.com/newsitem/278237345.html]
[www.csmedlab.com/newsitem/278233954]
[img.bj.wezhan.cn/content/sitefiles/2016084/images/12235647_2.png]
[www.csmedlab.com/newsitem/278233954]
[www.csmedlab.com/newsitem/278233738.html]
[img.bj.wezhan.cn/content/sitefiles/2016084/images/12200880_9.png]
[www.csmedlab.com/newsitem/278233738.html]
[www.csmedlab.com/newsitem/278233733.html]
[www.csmedlab.com/newsitem/278233731.html]
[www.csmedlab.com/newsitem/278233733.html]
[www.csmedlab.com/newsitem/278218566.html]
[www.csmedlab.com/newsitem/278233731.html]
[www.csmedlab.com/newsitem/278218557.html]
[www.csmedlab.com/newsitem/278218566.html]
[www.csmedlab.com/newsitem/278218539.html]
[www.csmedlab.com/newsitem/278218557.html]
[www.csmedlab.com/newsitem/278217716.html]
[www.csmedlab.com/newsitem/278218539.html]
[www.csmedlab.com/newsitem/278200646.html]
[www.csmedlab.com/newsitem/278217716.html]
[www.csmedlab.com/newsitem/278200642.html]
[www.csmedlab.com/newsitem/278200646.html]
[www.csmedlab.com/newsitem/278200638.html]
[www.csmedlab.com/newsitem/278200642.html]
[www.csmedlab.com/newsitem/278192930.html]
[www.csmedlab.com/newsitem/278200638.html]
[www.csmedlab.com/newsitem/278188161.html]
[www.csmedlab.com/newsitem/278192930.html]
[img.bj.wezhan.cn/content/sitefiles/2016084/images/11943284_59.png]
[img.bj.wezhan.cn/content/sitefiles/2016084/images/11943289_159.png]
[img.bj.wezhan.cn/content/sitefiles/2016084/images/11943285_70.png]
[img.bj.wezhan.cn/content/sitefiles/2016084/images/11943290_170.png]
[img.bj.wezhan.cn/content/sitefiles/2016084/images/11943286_79.png]
[img.bj.wezhan.cn/content/sitefiles/2016084/images/11943291_179.png]
[img.bj.wezhan.cn/content/sitefiles/2016084/images/11943287_80.png]
[img.bj.wezhan.cn/content/sitefiles/2016084/images/11943292_180.png]
[img.bj.wezhan.cn/content/sitefiles/2016084/images/11943288_84.png]
[img.bj.wezhan.cn/content/sitefiles/2016084/images/11943293_184.png]
[www.csmedlab.com/newsitem/278183222.html]
[www.csmedlab.com/newsitem/278188161.html]
[img.bj.wezhan.cn/content/sitefiles/2016084/images/11910454_10.jpg]
[img.bj.wezhan.cn/content/sitefiles/2016084/images/11910458_11.jpg]
[img.bj.wezhan.cn/content/sitefiles/2016084/images/11910462_12.jpg]
[img.bj.wezhan.cn/content/sitefiles/2016084/images/11910464_13.jpg]
[www.csmedlab.com/newsitem/278183217.html]
[www.csmedlab.com/newsitem/278183222.html]
[www.csmedlab.com/newsitem/278183217.html]
[www.csmedlab.com/newsitem/278183215.html]
[www.csmedlab.com/newsitem/278163386.html]
[www.csmedlab.com/newsitem/278183215.html]
[www.csmedlab.com/newsitem/278160235.html]
[www.csmedlab.com/newsitem/278163386.html]
[www.csmedlab.com/newsitem/278160233.html]
[www.csmedlab.com/newsitem/278160235.html]
[www.csmedlab.com/newsitem/278160229.html]
[www.csmedlab.com/newsitem/278160233.html]
[www.csmedlab.com/newsitem/278160229.html]
[www.csmedlab.com/newsitem/278156310.html]
[img.bj.wezhan.cn/content/sitefiles/2016084/images/11736831_2-AXZW-G`X-950$D_OH10-U.png]
[www.csmedlab.com/newsitem/278156310.html]
[www.csmedlab.com/newsitem/278149265.html]
[img.bj.wezhan.cn/content/sitefiles/2016084/images/11698699_1.png]
[img.bj.wezhan.cn/content/sitefiles/2016084/images/11698702_2.png]
[img.bj.wezhan.cn/content/sitefiles/2016084/images/11698703_3.png]
[www.csmedlab.com/newsitem/278149265.html]
[www.csmedlab.com/newsitem/278148474.html]
[www.csmedlab.com/newsitem/278148474.html]
[www.csmedlab.com/newsitem/278148469.html]
[img.bj.wezhan.cn/content/sitefiles/2016084/images/11694135_20.jpg]
[img.bj.wezhan.cn/content/sitefiles/2016084/images/11694137_21.jpg]
[www.csmedlab.com/newsitem/278148469.html]
[www.csmedlab.com/newsitem/278148462.html]
[img.bj.wezhan.cn/content/sitefiles/2016084/images/11694111_18.jpg]
[img.bj.wezhan.cn/content/sitefiles/2016084/images/11694117_19.jpg]
[www.csmedlab.com/newsitem/278148462.html]
[www.csmedlab.com/newsitem/278140760.html]
[img.bj.wezhan.cn/content/sitefiles/2016084/images/11637576_11.png]
[img.bj.wezhan.cn/content/sitefiles/2016084/images/11637577_12.png]
[img.bj.wezhan.cn/content/sitefiles/2016084/images/11637578_13.png]
[img.bj.wezhan.cn/content/sitefiles/2016084/images/11637579_14.png]
[img.bj.wezhan.cn/content/sitefiles/2016084/images/11637580_15.png]
[img.bj.wezhan.cn/content/sitefiles/2016084/images/11637723_16.png]
[www.csmedlab.com/newsitem/278135020.html]
[www.csmedlab.com/newsitem/278140760.html]
[img.bj.wezhan.cn/content/sitefiles/2016084/images/11610724_1.png]
[img.bj.wezhan.cn/content/sitefiles/2016084/images/11610725_2.png]
[img.bj.wezhan.cn/content/sitefiles/2016084/images/11610726_3.png]
[img.bj.wezhan.cn/content/sitefiles/2016084/images/11610727_4.png]
[www.csmedlab.com/newsitem/278127375.html]
[www.csmedlab.com/newsitem/278135020.html]
[www.csmedlab.com/newsitem/278127375.html]
[www.csmedlab.com/newsitem/278127369.html]
[www.csmedlab.com/newsitem/278127350.html]
[www.csmedlab.com/newsitem/278127369.html]
[www.csmedlab.com/newsitem/278105075.html]
[www.csmedlab.com/newsitem/278127350.html]
[www.csmedlab.com/newsitem/278105065.html]
[www.csmedlab.com/newsitem/278105075.html]
[www.csmedlab.com/newsitem/278105072.html]
[www.csmedlab.com/newsitem/278105065.html]
[www.csmedlab.com/newsitem/278078665.html]
[www.csmedlab.com/newsitem/278105072.html]
[www.csmedlab.com/newsitem/278078661.html]
[www.csmedlab.com/newsitem/278078665.html]
[www.csmedlab.com/newsitem/278078661.html]
[www.csmedlab.com/newsitem/278078658.html]
[www.csmedlab.com/newsitem/278078658.html]
[www.csmedlab.com/newsitem/278057920.html]
[www.csmedlab.com/newsitem/278057916.html]
[www.csmedlab.com/newsitem/278057920.html]
[www.csmedlab.com/newsitem/278057906.html]
[www.csmedlab.com/newsitem/278057916.html]
[img.bj.wezhan.cn/content/sitefiles/2016084/images/11047183_111.jpg]
[www.csmedlab.com/newsitem/278057906.html]
[www.csmedlab.com/newsitem/278041340.html]
[img.bj.wezhan.cn/content/sitefiles/2016084/images/10921474_1506046661-1.jpg]
[img.bj.wezhan.cn/content/sitefiles/2016084/images/10921500_1506046835.jpg]
[img.bj.wezhan.cn/content/sitefiles/2016084/images/10921562_3.jpg]
[img.bj.wezhan.cn/content/sitefiles/2016084/images/10921590_4.jpg]
[img.bj.wezhan.cn/content/sitefiles/2016084/images/10921591_5.jpg]
[www.csmedlab.com/newsitem/278018756.html]
[www.csmedlab.com/newsitem/278041340.html]
[img.bj.wezhan.cn/content/sitefiles/2016084/images/10921500_1506046835.jpg]
[www.csmedlab.com/newsitem/278018756.html]
[www.csmedlab.com/newsitem/278018751.html]
[www.csmedlab.com/newsitem/278018742.html]
[www.csmedlab.com/newsitem/278018751.html]
[www.csmedlab.com/newsitem/277980157.html]
[www.csmedlab.com/newsitem/278018742.html]
[img.bj.wezhan.cn/content/sitefiles/2016084/images/10531694_11.png]
[img.bj.wezhan.cn/content/sitefiles/2016084/images/10531695_22-1.png]
[img.bj.wezhan.cn/content/sitefiles/2016084/images/10531697_22-3.png]
[img.bj.wezhan.cn/content/sitefiles/2016084/images/10531696_22-2.png]
[www.csmedlab.com/newsitem/277975637.html]
[www.csmedlab.com/newsitem/277980157.html]
[img.bj.wezhan.cn/content/sitefiles/2016084/images/10476640_11.png]
[img.bj.wezhan.cn/content/sitefiles/2016084/images/10476641_22.png]
[img.bj.wezhan.cn/content/sitefiles/2016084/images/10476642_33.png]
[img.bj.wezhan.cn/content/sitefiles/2016084/images/10476643_44.png]
[www.csmedlab.com/newsitem/277975498.html]
[www.csmedlab.com/newsitem/277975637.html]
[www.csmedlab.com/newsitem/277975498.html]
[www.csmedlab.com/newsitem/277975497.html]
[www.csmedlab.com/newsitem/277975494.html]
[www.csmedlab.com/newsitem/277975497.html]
[img.bj.wezhan.cn/content/sitefiles/2016084/images/10476105_1.png]
[img.bj.wezhan.cn/content/sitefiles/2016084/images/10476162_9.png]
[img.bj.wezhan.cn/content/sitefiles/2016084/images/10476106_2.png]
[img.bj.wezhan.cn/content/sitefiles/2016084/images/10476183_10.png]
[img.bj.wezhan.cn/content/sitefiles/2016084/images/10476107_3.png]
[img.bj.wezhan.cn/content/sitefiles/2016084/images/10476109_4.png]
[img.bj.wezhan.cn/content/sitefiles/2016084/images/10476110_5.png]
[img.bj.wezhan.cn/content/sitefiles/2016084/images/10476111_6.png]
[img.bj.wezhan.cn/content/sitefiles/2016084/images/10476112_7.png]
[www.csmedlab.com/newsitem/277936514.html]
[www.csmedlab.com/newsitem/277975494.html]
[www.csmedlab.com/newsitem/277936514.html]
[www.csmedlab.com/newsitem/277936505.html]
[www.csmedlab.com/newsitem/277936505.html]
[www.csmedlab.com/newsitem/277936497.html]
[www.csmedlab.com/newsitem/277905005.html]
[www.csmedlab.com/newsitem/277936497.html]
[img.bj.wezhan.cn/content/sitefiles/2016084/images/9842956_13.png]
[img.bj.wezhan.cn/content/sitefiles/2016084/images/9842957_14.png]
[img.bj.wezhan.cn/content/sitefiles/2016084/images/9842958_15.png]
[img.bj.wezhan.cn/content/sitefiles/2016084/images/9842959_16.png]
[img.bj.wezhan.cn/content/sitefiles/2016084/images/9842960_17.png]
[www.csmedlab.com/newsitem/277883523.html]
[www.csmedlab.com/newsitem/277905005.html]
[img.bj.wezhan.cn/content/sitefiles/2016084/images/9680396_19-1.png]
[img.bj.wezhan.cn/content/sitefiles/2016084/images/9680397_19-2.png]
[www.csmedlab.com/newsitem/277883523.html]
[www.csmedlab.com/newsitem/277883492.html]
[img.bj.wezhan.cn/content/sitefiles/2016084/images/9680274_17-2.png]
[img.bj.wezhan.cn/content/sitefiles/2016084/images/9680276_17-3.png]
[www.csmedlab.com/newsitem/277883443.html]
[www.csmedlab.com/newsitem/277883492.html]
[img.bj.wezhan.cn/content/sitefiles/2016084/images/9680273_17-1.png]
[img.bj.wezhan.cn/content/sitefiles/2016084/images/9680169_18.png]
[www.csmedlab.com/newsitem/277830842.html]
[www.csmedlab.com/newsitem/277883443.html]
[img.bj.wezhan.cn/content/sitefiles/2016084/images/9313864_1.png]
[img.bj.wezhan.cn/content/sitefiles/2016084/images/9313865_2.png]
[img.bj.wezhan.cn/content/sitefiles/2016084/images/9313866_3.png]
[img.bj.wezhan.cn/content/sitefiles/2016084/images/9313867_4.png]
[www.csmedlab.com/newsitem/277830782.html]
[www.csmedlab.com/newsitem/277830842.html]
[img.bj.wezhan.cn/content/sitefiles/2016084/images/9313172_1.png]
[img.bj.wezhan.cn/content/sitefiles/2016084/images/9313173_2.png]
[img.bj.wezhan.cn/content/sitefiles/2016084/images/9313174_3.png]
[img.bj.wezhan.cn/content/sitefiles/2016084/images/9313175_4.png]
[img.bj.wezhan.cn/content/sitefiles/2016084/images/9313176_5.png]
[img.bj.wezhan.cn/content/sitefiles/2016084/images/9313177_6.png]
[img.bj.wezhan.cn/content/sitefiles/2016084/images/9313178_7.png]
[img.bj.wezhan.cn/content/sitefiles/2016084/images/9313179_8.png]
[www.csmedlab.com/newsitem/277788170.html]
[www.csmedlab.com/newsitem/277830782.html]
[www.csmedlab.com/newsitem/277788167.html]
[www.csmedlab.com/newsitem/277788170.html]
[www.csmedlab.com/newsitem/277788163.html]
[www.csmedlab.com/newsitem/277788167.html]
[www.csmedlab.com/newsitem/277745326.html]
[www.csmedlab.com/newsitem/277788163.html]
[www.csmedlab.com/newsitem/277745322.html]
[www.csmedlab.com/newsitem/277745326.html]
[img.bj.wezhan.cn/content/sitefiles/2016084/images/8610756_1.png]
[img.bj.wezhan.cn/content/sitefiles/2016084/images/8610757_2.png]
[img.bj.wezhan.cn/content/sitefiles/2016084/images/8610758_3.png]
[img.bj.wezhan.cn/content/sitefiles/2016084/images/8610760_4.jpg]
[img.bj.wezhan.cn/content/sitefiles/2016084/images/8610761_5.jpg]
[www.csmedlab.com/newsitem/277630371.html]
[www.csmedlab.com/newsitem/277745322.html]
[www.csmedlab.com/newsitem/277630371.html]
[www.csmedlab.com/newsitem/277630370.html]
[www.csmedlab.com/newsitem/277630365.html]
[www.csmedlab.com/newsitem/277630370.html]
[www.csmedlab.com/newsitem/277630359.html]
[www.csmedlab.com/newsitem/277630365.html]
[www.csmedlab.com/newsitem/277630356.html]
[www.csmedlab.com/newsitem/277630359.html]
[www.csmedlab.com/newsitem/277630336.html]
[www.csmedlab.com/newsitem/277630356.html]
[www.csmedlab.com/newsitem/277630317.html]
[www.csmedlab.com/newsitem/277630336.html]
[www.csmedlab.com/newsitem/277630311.html]
[www.csmedlab.com/newsitem/277630317.html]
[www.csmedlab.com/newsitem/277630306.html]
[www.csmedlab.com/newsitem/277630311.html]
[www.csmedlab.com/newsitem/277630306.html]
[www.csmedlab.com/newsitem/277630295.html]
[www.csmedlab.com/newsitem/277630295.html]
[www.qingfengbio.com/news/pics/20160819/201608191471574578718.jpg]
[www.csmedlab.com/newsitem/277630291.html]
[www.csmedlab.com/newsitem/277630290.html]
[www.csmedlab.com/newsitem/277630291.html]
[www.csmedlab.com/newsitem/277630287.html]
[www.csmedlab.com/newsitem/277630290.html]
[www.csmedlab.com/newsitem/277630274.html]
[www.csmedlab.com/newsitem/277630287.html]
[www.csmedlab.com/newsitem/277630269.html]
[www.csmedlab.com/newsitem/277630274.html]
[www.csmedlab.com/newsitem/277630193.html]
[www.csmedlab.com/newsitem/277630269.html]
[www.csmedlab.com/newsitem/277630189.html]
[www.csmedlab.com/newsitem/277630193.html]
[www.csmedlab.com/newsitem/277604433.html]
[www.csmedlab.com/newsitem/277630189.html]
[img.bj.wezhan.cn/content/sitefiles/2016084/images/8139412_7.png]
[img.bj.wezhan.cn/content/sitefiles/2016084/images/8139413_8.png]
[img.bj.wezhan.cn/content/sitefiles/2016084/images/8139414_9.png]
[img.bj.wezhan.cn/content/sitefiles/2016084/images/8139415_10.png]
[www.csmedlab.com/newsitem/277604425.html]
[www.csmedlab.com/newsitem/277604433.html]
[img.bj.wezhan.cn/content/sitefiles/2016084/images/8139234_1.png]
[img.bj.wezhan.cn/content/sitefiles/2016084/images/8139235_2.png]
[img.bj.wezhan.cn/content/sitefiles/2016084/images/8139236_3.png]
[img.bj.wezhan.cn/content/sitefiles/2016084/images/8139237_4.png]
[img.bj.wezhan.cn/content/sitefiles/2016084/images/8139239_5.png]
[img.bj.wezhan.cn/content/sitefiles/2016084/images/8139240_6.png]
[www.csmedlab.com/newsitem/277604382.html]
[www.csmedlab.com/newsitem/277604425.html]
[www.csmedlab.com/newsitem/277604382.html]
[www.csmedlab.com/newsitem/277604377.html]
[www.csmedlab.com/newsitem/277604373.html]
[www.csmedlab.com/newsitem/277604377.html]
[www.csmedlab.com/newsitem/277604371.html]
[www.csmedlab.com/newsitem/277604373.html]
[www.csmedlab.com/newsitem/277604366.html]
[www.csmedlab.com/newsitem/277604371.html]
[www.csmedlab.com/newsitem/277604369.html]
[www.csmedlab.com/newsitem/277604366.html]
[www.csmedlab.com/newsitem/277604357.html]
[www.csmedlab.com/newsitem/277604369.html]
[www.csmedlab.com/newsitem/277604355.html]
[www.csmedlab.com/newsitem/277604357.html]
[www.csmedlab.com/newsitem/277604342.html]
[www.csmedlab.com/newsitem/277604355.html]
[www.csmedlab.com/newsitem/277604337.html]
[www.csmedlab.com/newsitem/277604342.html]
[www.csmedlab.com/newsitem/277604337.html]
[www.csmedlab.com/newsitem/277604336.html]
[www.csmedlab.com/newsitem/277604333.html]
[www.csmedlab.com/newsitem/277604336.html]
[www.csmedlab.com/newsitem/277443971.html]
[www.csmedlab.com/newsitem/277604333.html]
[www.jdf-tech.com.cn/edit_file/Image/2016-8-1/2016080111183019.png]
[www.jdf-tech.com.cn/edit_file/Image/2016-8-1/2016080111191516.png]
[www.jdf-tech.com.cn/edit_file/Image/2016-8-1/2016080111195676.png]
[www.jdf-tech.com.cn/edit_file/Image/2016-8-1/2016080111210262.png]
[www.jdf-tech.com.cn/edit_file/Image/2016-8-1/2016080111214123.png]
[www.jdf-tech.com.cn/edit_file/Image/2016-8-1/2016080111222312.png]
[www.jdf-tech.com.cn/edit_file/Image/2016-8-1/2016080111231360.png]
[www.csmedlab.com/newsitem/277443964.html]
[www.csmedlab.com/newsitem/277443971.html]
[img.bj.wezhan.cn/content/sitefiles/2016084/images/7095046_15.png]
[img.bj.wezhan.cn/content/sitefiles/2016084/images/7095047_16.png]
[img.bj.wezhan.cn/content/sitefiles/2016084/images/7095048_17.png]
[img.bj.wezhan.cn/content/sitefiles/2016084/images/7095049_19.png]
[img.bj.wezhan.cn/content/sitefiles/2016084/images/7095050_20.png]
[www.csmedlab.com/newsitem/277443964.html]
[www.csmedlab.com/newsitem/277441385.html]
[img.bj.wezhan.cn/content/sitefiles/2016084/images/7081793_808018c87fc74cf396ce49aab5a1a93c.jpg]
[img.bj.wezhan.cn/content/sitefiles/2016084/images/7081780_2.jpg]
[img.bj.wezhan.cn/content/sitefiles/2016084/images/7081781_3.jpg]
[img.bj.wezhan.cn/content/sitefiles/2016084/images/7081782_4.jpg]
[img.bj.wezhan.cn/content/sitefiles/2016084/images/7081783_5.jpg]
[img.bj.wezhan.cn/content/sitefiles/2016084/images/7081784_6.jpg]
[img.bj.wezhan.cn/content/sitefiles/2016084/images/7081785_7.jpg]
[img.bj.wezhan.cn/content/sitefiles/2016084/images/7081787_8.jpg]
[img.bj.wezhan.cn/content/sitefiles/2016084/images/7081788_9.jpg]
[img.bj.wezhan.cn/content/sitefiles/2016084/images/7081789_10.jpg]
[img.bj.wezhan.cn/content/sitefiles/2016084/images/7081790_11.jpg]
[img.bj.wezhan.cn/content/sitefiles/2016084/images/7081792_12.jpg]
[www.csmedlab.com/newsitem/277441385.html]
[www.csmedlab.com/newsitem/277432413.html]
[www.csmedlab.com/newsitem/277432413.html]
[www.csmedlab.com/newsitem/277432412.html]
[www.csmedlab.com/newsitem/277432412.html]
