[www.klonnewbio.com/index.html]
[backblue.gif]
[fade.gif]
[index.html]
[www.klonnewbio.com/css/style.css]
[www.klonnewbio.com/css/animate.min.css]
[www.klonnewbio.com/js/responsiveslides.min.js]
[www.klonnewbio.com/images/index_05.png]
[www.klonnewbio.com/index-2.html]
[www.klonnewbio.com/en/index.html]
[www.klonnewbio.com/about.html]
[www.klonnewbio.com/product.html]
[www.klonnewbio.com/dzfw.html]
[www.klonnewbio.com/news.html]
[www.klonnewbio.com/swhz.html]
[www.klonnewbio.com/job.html]
[www.klonnewbio.com/contact.html]
[www.klonnewbio.com/upimg/2018070816213270.jpg]
[www.klonnewbio.com/upimg/2018070816211297.jpg]
[www.klonnewbio.com/upimg/2018070423072772.jpg]
[www.klonnewbio.com/js/jquery-1.11.0.min.js]
[www.klonnewbio.com/product1e7c.html]
[www.klonnewbio.com/upimg/2018070815102091.png]
[www.klonnewbio.com/product86fe.html]
[www.klonnewbio.com/upimg/2018070815115083.png]
[www.klonnewbio.com/product5603.html]
[www.klonnewbio.com/upimg/2018070815110358.png]
[www.klonnewbio.com/product0aac.html]
[www.klonnewbio.com/upimg/2018070815112282.png]
[www.klonnewbio.com/productfb5d.html]
[www.klonnewbio.com/upimg/2018070815120573.png]
[www.klonnewbio.com/producteed4.html]
[www.klonnewbio.com/upimg/2018070815104337.png]
[www.klonnewbio.com/product07ae.html]
[www.klonnewbio.com/upimg/2018070815131597.png]
[www.klonnewbio.com/product147e.html]
[www.klonnewbio.com/upimg/2018070815133627.png]
[www.klonnewbio.com/upimg/2018070422524011.png]
[www.klonnewbio.com/upimg/2018070422522175.png]
[www.klonnewbio.com/upimg/2018070422520056.png]
[www.klonnewbio.com/upimg/2018070422512331.png]
[www.klonnewbio.com/news_show8803.html]
[www.klonnewbio.com/news_showd61c.html]
[www.klonnewbio.com/news_showd708.html]
[www.klonnewbio.com/news_show681a.html]
[www.klonnewbio.com/news_showc3c9.html]
[www.klonnewbio.com/news_show3a9f.html]
[www.klonnewbio.com/news_showdcfd.html]
[www.klonnewbio.com/news_show0b30.html]
[www.klonnewbio.com/images/index_48.png]
[www.klonnewbio.com/index.html]
[www.klonnewbio.com/js/wow.min.js]
[www.klonnewbio.com/images/index_02.png]
[www.klonnewbio.com/images/themes.gif]
[www.klonnewbio.com/images/index_10.png]
[www.klonnewbio.com/images/more_03.png]
[www.klonnewbio.com/images/index_41.png]
[www.klonnewbio.com/images/index_51.png]
[www.klonnewbio.com/images/cp_12.png]
[www.klonnewbio.com/images/cp_19.png]
[www.klonnewbio.com/demo/images/icon_19.png]
[www.klonnewbio.com/css/style.css]
[www.klonnewbio.com/css/animate.min.css]
[www.klonnewbio.com/en/css/style.css]
[www.klonnewbio.com/en/css/animate.min.css]
[www.klonnewbio.com/en/images/index_05.png]
[www.klonnewbio.com/en/js/responsiveslides.min.js]
[www.klonnewbio.com/en/index-2.html]
[www.klonnewbio.com/en/about.html]
[www.klonnewbio.com/en/product.html]
[www.klonnewbio.com/en/dzfw.html]
[www.klonnewbio.com/en/news.html]
[www.klonnewbio.com/en/swhz.html]
[www.klonnewbio.com/en/job.html]
[www.klonnewbio.com/en/contact.html]
[www.klonnewbio.com/en/product1e7c.html]
[www.klonnewbio.com/en/product86fe.html]
[www.klonnewbio.com/en/product5603.html]
[www.klonnewbio.com/en/product0aac.html]
[www.klonnewbio.com/en/productfb5d.html]
[www.klonnewbio.com/en/producteed4.html]
[www.klonnewbio.com/en/product07ae.html]
[www.klonnewbio.com/en/product147e.html]
[www.klonnewbio.com/en/news_show8803.html]
[www.klonnewbio.com/en/news_showd61c.html]
[www.klonnewbio.com/en/news_showd708.html]
[www.klonnewbio.com/en/news_show681a.html]
[www.klonnewbio.com/en/news_showc3c9.html]
[www.klonnewbio.com/en/news_show3a9f.html]
[www.klonnewbio.com/en/news_showdcfd.html]
[www.klonnewbio.com/en/js/jquery-1.11.0.min.js]
[www.klonnewbio.com/en/news_show0b30.html]
[www.klonnewbio.com/en/images/index_48.png]
[www.klonnewbio.com/en/index.html]
[www.klonnewbio.com/en/js/wow.min.js]
[www.klonnewbio.com/index-2.html]
[www.klonnewbio.com/upimg/2018070816374956.jpg]
[www.klonnewbio.com/about681a.html]
[www.klonnewbio.com/aboutd708.html]
[www.klonnewbio.com/upimg/2018070817340945.png]
[www.klonnewbio.com/upimg/2018070817344368.png]
[www.klonnewbio.com/upimg/2018070817411024.png]
[www.klonnewbio.com/upimg/2018070817414425.png]
[www.klonnewbio.com/about.html]
[www.klonnewbio.com/product1f26.html]
[www.klonnewbio.com/product9f1d.html]
[www.klonnewbio.com/productf552.html]
[www.klonnewbio.com/productb126.html]
[www.klonnewbio.com/product9aa8.html]
[www.klonnewbio.com/product7b62.html]
[www.klonnewbio.com/product886a.html]
[www.klonnewbio.com/product37b8.html]
[www.klonnewbio.com/productece0.html]
[www.klonnewbio.com/product94fd.html]
[www.klonnewbio.com/product4dd2.html]
[www.klonnewbio.com/productb624.html]
[www.klonnewbio.com/product290e.html]
[www.klonnewbio.com/product79d5.html]
[www.klonnewbio.com/productae89.html]
[www.klonnewbio.com/product81c2.html]
[www.klonnewbio.com/product0c6c.html]
[www.klonnewbio.com/product0764.html]
[www.klonnewbio.com/productd76f.html]
[www.klonnewbio.com/product7f58.html]
[www.klonnewbio.com/product0820.html]
[www.klonnewbio.com/productf8eb.html]
[www.klonnewbio.com/product0f76.html]
[www.klonnewbio.com/productd378.html]
[www.klonnewbio.com/product5eb4.html]
[www.klonnewbio.com/productef58.html]
[www.klonnewbio.com/product9090.html]
[www.klonnewbio.com/product5e69.html]
[www.klonnewbio.com/product_show5255.html]
[www.klonnewbio.com/upimg/2018070812474069.png]
[www.klonnewbio.com/product_showc3c9.html]
[www.klonnewbio.com/upimg/2018070812471966.png]
[www.klonnewbio.com/product_show8803.html]
[www.klonnewbio.com/upimg/2018070812464486.png]
[www.klonnewbio.com/product_show3a9f.html]
[www.klonnewbio.com/product_showd61c.html]
[www.klonnewbio.com/product_showdcfd.html]
[www.klonnewbio.com/product_showd708.html]
[www.klonnewbio.com/product_show0b30.html]
[www.klonnewbio.com/product_show681a.html]
[www.klonnewbio.com/product.html]
[www.klonnewbio.com/aboutc3c9.html]
[www.klonnewbio.com/dzfw.html]
[www.klonnewbio.com/news1e7c.html]
[www.klonnewbio.com/news86fe.html]
[www.klonnewbio.com/news_show6258.html]
[www.klonnewbio.com/news_showe5cc.html]
[www.klonnewbio.com/news_showe371.html]
[www.klonnewbio.com/news_show190a.html]
[www.klonnewbio.com/news_show2728.html]
[www.klonnewbio.com/news_show7429.html]
[www.klonnewbio.com/news_show87f1.html]
[www.klonnewbio.com/news_show6e03.html]
[www.klonnewbio.com/news_show4ef9.html]
[www.klonnewbio.com/news_show0055.html]
[www.klonnewbio.com/news4658.html]
[www.klonnewbio.com/news.html]
[www.klonnewbio.com/upimg/2018070817054822.png]
[www.klonnewbio.com/swhz.html]
[www.klonnewbio.com/job_show681a.html]
[www.klonnewbio.com/job.html]
[www.klonnewbio.com/aboutdcfd.html]
[www.klonnewbio.com/contact.html]
[www.klonnewbio.com/product1e7c.html]
[www.klonnewbio.com/product86fe.html]
[www.klonnewbio.com/product5603.html]
[www.klonnewbio.com/product0aac.html]
[www.klonnewbio.com/productfb5d.html]
[www.klonnewbio.com/producteed4.html]
[www.klonnewbio.com/product07ae.html]
[www.klonnewbio.com/product147e.html]
[www.klonnewbio.com/news_show8803.html]
[www.klonnewbio.com/news_showd61c.html]
[www.klonnewbio.com/news_showd708.html]
[www.klonnewbio.com/news_show681a.html]
[www.klonnewbio.com/news_showc3c9.html]
[www.klonnewbio.com/news_show3a9f.html]
[www.klonnewbio.com/news_showdcfd.html]
[www.klonnewbio.com/news_show0b30.html]
[www.klonnewbio.com/en/images/index_02.png]
[www.klonnewbio.com/en/images/themes.gif]
[www.klonnewbio.com/en/images/index_10.png]
[www.klonnewbio.com/en/images/more_03.png]
[www.klonnewbio.com/en/images/index_41.png]
[www.klonnewbio.com/en/images/index_51.png]
[www.klonnewbio.com/en/images/cp_12.png]
[www.klonnewbio.com/en/images/cp_19.png]
[www.klonnewbio.com/en/demo/images/icon_19.png]
[www.klonnewbio.com/en/css/style.css]
[www.klonnewbio.com/en/css/animate.min.css]
[www.klonnewbio.com/en/index-2.html]
[www.klonnewbio.com/en/about681a.html]
[www.klonnewbio.com/en/aboutd708.html]
[www.klonnewbio.com/en/about.html]
[www.klonnewbio.com/en/product1f26.html]
[www.klonnewbio.com/en/product9f1d.html]
[www.klonnewbio.com/en/productf552.html]
[www.klonnewbio.com/en/productb126.html]
[www.klonnewbio.com/en/product9aa8.html]
[www.klonnewbio.com/en/product7b62.html]
[www.klonnewbio.com/en/product886a.html]
[www.klonnewbio.com/en/product37b8.html]
[www.klonnewbio.com/en/productece0.html]
[www.klonnewbio.com/en/product94fd.html]
[www.klonnewbio.com/en/product4dd2.html]
[www.klonnewbio.com/en/productb624.html]
[www.klonnewbio.com/en/product290e.html]
[www.klonnewbio.com/en/product79d5.html]
[www.klonnewbio.com/en/productae89.html]
[www.klonnewbio.com/en/product81c2.html]
[www.klonnewbio.com/en/product0c6c.html]
[www.klonnewbio.com/en/product0764.html]
[www.klonnewbio.com/en/productd76f.html]
[www.klonnewbio.com/en/product7f58.html]
[www.klonnewbio.com/en/product0820.html]
[www.klonnewbio.com/en/productf8eb.html]
[www.klonnewbio.com/en/product0f76.html]
[www.klonnewbio.com/en/productd378.html]
[www.klonnewbio.com/en/product5eb4.html]
[www.klonnewbio.com/en/productef58.html]
[www.klonnewbio.com/en/product9090.html]
[www.klonnewbio.com/en/product5e69.html]
[www.klonnewbio.com/en/product_show5255.html]
[www.klonnewbio.com/en/product_showc3c9.html]
[www.klonnewbio.com/en/product_show8803.html]
[www.klonnewbio.com/en/product_show3a9f.html]
[www.klonnewbio.com/en/product_showd61c.html]
[www.klonnewbio.com/en/product_showdcfd.html]
[www.klonnewbio.com/en/product_showd708.html]
[www.klonnewbio.com/en/product_show0b30.html]
[www.klonnewbio.com/en/product_show681a.html]
[www.klonnewbio.com/en/product.html]
[www.klonnewbio.com/en/aboutc3c9.html]
[www.klonnewbio.com/en/dzfw.html]
[www.klonnewbio.com/en/news1e7c.html]
[www.klonnewbio.com/en/news86fe.html]
[www.klonnewbio.com/en/news_show6258.html]
[www.klonnewbio.com/en/news_showe5cc.html]
[www.klonnewbio.com/en/news_showe371.html]
[www.klonnewbio.com/en/news_show190a.html]
[www.klonnewbio.com/en/news_show2728.html]
[www.klonnewbio.com/en/news_show7429.html]
[www.klonnewbio.com/en/news_show87f1.html]
[www.klonnewbio.com/en/news_show6e03.html]
[www.klonnewbio.com/en/news_show4ef9.html]
[www.klonnewbio.com/en/news_show0055.html]
[www.klonnewbio.com/en/news4658.html]
[www.klonnewbio.com/en/news.html]
[www.klonnewbio.com/en/swhz.html]
[www.klonnewbio.com/en/job_show681a.html]
[www.klonnewbio.com/en/job.html]
[www.klonnewbio.com/en/aboutdcfd.html]
[www.klonnewbio.com/en/contact.html]
[www.klonnewbio.com/en/product1e7c.html]
[www.klonnewbio.com/en/product86fe.html]
[www.klonnewbio.com/en/product5603.html]
[www.klonnewbio.com/en/product0aac.html]
[www.klonnewbio.com/en/productfb5d.html]
[www.klonnewbio.com/en/producteed4.html]
[www.klonnewbio.com/en/product07ae.html]
[www.klonnewbio.com/en/product147e.html]
[www.klonnewbio.com/en/news_show8803.html]
[www.klonnewbio.com/en/news_showd61c.html]
[www.klonnewbio.com/en/news_showd708.html]
[www.klonnewbio.com/en/news_show681a.html]
[www.klonnewbio.com/en/news_showc3c9.html]
[www.klonnewbio.com/en/news_show3a9f.html]
[www.klonnewbio.com/en/news_showdcfd.html]
[www.klonnewbio.com/en/news_show0b30.html]
[www.klonnewbio.com/about681a.html]
[www.klonnewbio.com/aboutd708.html]
[www.klonnewbio.com/product1f26.html]
[www.klonnewbio.com/product9f1d.html]
[www.klonnewbio.com/productf552.html]
[www.klonnewbio.com/productb126.html]
[www.klonnewbio.com/product9aa8.html]
[www.klonnewbio.com/product7b62.html]
[www.klonnewbio.com/product886a.html]
[www.klonnewbio.com/product37b8.html]
[www.klonnewbio.com/productece0.html]
[www.klonnewbio.com/product94fd.html]
[www.klonnewbio.com/product4dd2.html]
[www.klonnewbio.com/productb624.html]
[www.klonnewbio.com/product290e.html]
[www.klonnewbio.com/product79d5.html]
[www.klonnewbio.com/productae89.html]
[www.klonnewbio.com/product81c2.html]
[www.klonnewbio.com/product0c6c.html]
[www.klonnewbio.com/product0764.html]
[www.klonnewbio.com/productd76f.html]
[www.klonnewbio.com/product7f58.html]
[www.klonnewbio.com/product0820.html]
[www.klonnewbio.com/productf8eb.html]
[www.klonnewbio.com/product0f76.html]
[www.klonnewbio.com/productd378.html]
[www.klonnewbio.com/product5eb4.html]
[www.klonnewbio.com/productef58.html]
[www.klonnewbio.com/product9090.html]
[www.klonnewbio.com/product5e69.html]
[www.klonnewbio.com/product_show5255.html]
[www.klonnewbio.com/product_showc3c9.html]
[www.klonnewbio.com/product_show8803.html]
[www.klonnewbio.com/product_show3a9f.html]
[www.klonnewbio.com/product_showd61c.html]
[www.klonnewbio.com/product_showdcfd.html]
[www.klonnewbio.com/product_showd708.html]
[www.klonnewbio.com/product_show0b30.html]
[www.klonnewbio.com/product_show681a.html]
[www.klonnewbio.com/aboutc3c9.html]
[www.klonnewbio.com/news1e7c.html]
[www.klonnewbio.com/news86fe.html]
[www.klonnewbio.com/edit_file/image/20191101/20191101115313_27349.jpg]
[www.klonnewbio.com/edit_file/image/20191028/20191028143403_65505.jpg]
[www.klonnewbio.com/edit_file/image/20191031/20191031112204_29290.jpg]
[www.klonnewbio.com/edit_file/image/20191028/20191028143623_10447.jpg]
[www.klonnewbio.com/edit_file/image/20191028/20191028143705_21413.jpg]
[www.klonnewbio.com/edit_file/image/20191028/20191028143903_18993.jpg]
[www.klonnewbio.com/edit_file/image/20191031/20191031135018_76804.jpg]
[www.klonnewbio.com/news_show6258.html]
[www.klonnewbio.com/edit_file/image/20191025/20191025100111_94811.jpg]
[www.klonnewbio.com/edit_file/image/20191025/20191025100934_73024.jpg]
[www.klonnewbio.com/edit_file/image/20191025/20191025104449_69801.jpg]
[www.klonnewbio.com/edit_file/image/20191025/20191025102424_37347.jpg]
[www.klonnewbio.com/edit_file/image/20191025/20191025103059_80642.png]
[www.klonnewbio.com/edit_file/image/20191025/20191025103334_74113.png]
[www.klonnewbio.com/news_showe5cc.html]
[www.klonnewbio.com/edit_file/image/20191023/20191023145237_29780.jpg]
[www.klonnewbio.com/edit_file/image/20191023/20191023145350_32328.jpg]
[www.klonnewbio.com/news_showe371.html]
[www.klonnewbio.com/news_show190a.html]
[www.klonnewbio.com/news_show2728.html]
[www.klonnewbio.com/news_show7429.html]
[www.klonnewbio.com/news_show87f1.html]
[www.klonnewbio.com/news_show6e03.html]
[www.klonnewbio.com/news_show4ef9.html]
[www.klonnewbio.com/news_show0055.html]
[www.klonnewbio.com/news2679.html]
[www.klonnewbio.com/news4658.html]
[www.klonnewbio.com/job_show681a.html]
[www.klonnewbio.com/aboutdcfd.html]
[www.klonnewbio.com/en/about681a.html]
[www.klonnewbio.com/en/aboutd708.html]
[www.klonnewbio.com/en/product1f26.html]
[www.klonnewbio.com/en/product9f1d.html]
[www.klonnewbio.com/en/productf552.html]
[www.klonnewbio.com/en/productb126.html]
[www.klonnewbio.com/en/product9aa8.html]
[www.klonnewbio.com/en/product7b62.html]
[www.klonnewbio.com/en/product886a.html]
[www.klonnewbio.com/en/product37b8.html]
[www.klonnewbio.com/en/productece0.html]
[www.klonnewbio.com/en/product94fd.html]
[www.klonnewbio.com/en/product4dd2.html]
[www.klonnewbio.com/en/productb624.html]
[www.klonnewbio.com/en/product290e.html]
[www.klonnewbio.com/en/product79d5.html]
[www.klonnewbio.com/en/productae89.html]
[www.klonnewbio.com/en/product81c2.html]
[www.klonnewbio.com/en/product0c6c.html]
[www.klonnewbio.com/en/product0764.html]
[www.klonnewbio.com/en/productd76f.html]
[www.klonnewbio.com/en/product7f58.html]
[www.klonnewbio.com/en/product0820.html]
[www.klonnewbio.com/en/productf8eb.html]
[www.klonnewbio.com/en/product0f76.html]
[www.klonnewbio.com/en/productd378.html]
[www.klonnewbio.com/en/product5eb4.html]
[www.klonnewbio.com/en/productef58.html]
[www.klonnewbio.com/en/product9090.html]
[www.klonnewbio.com/en/product5e69.html]
[www.klonnewbio.com/en/product_show5255.html]
[www.klonnewbio.com/en/product_showc3c9.html]
[www.klonnewbio.com/en/product_show8803.html]
[www.klonnewbio.com/en/product_show3a9f.html]
[www.klonnewbio.com/en/product_showd61c.html]
[www.klonnewbio.com/en/product_showdcfd.html]
[www.klonnewbio.com/en/product_showd708.html]
[www.klonnewbio.com/en/product_show0b30.html]
[www.klonnewbio.com/en/product_show681a.html]
[www.klonnewbio.com/en/aboutc3c9.html]
[www.klonnewbio.com/en/news1e7c.html]
[www.klonnewbio.com/en/news86fe.html]
[www.klonnewbio.com/en/news_show6258.html]
[www.klonnewbio.com/en/news_showe5cc.html]
[www.klonnewbio.com/en/news_showe371.html]
[www.klonnewbio.com/en/news_show190a.html]
[www.klonnewbio.com/en/news_show2728.html]
[www.klonnewbio.com/en/news_show7429.html]
[www.klonnewbio.com/en/news_show87f1.html]
[www.klonnewbio.com/en/news_show6e03.html]
[www.klonnewbio.com/en/news_show4ef9.html]
[www.klonnewbio.com/en/news_show0055.html]
[www.klonnewbio.com/en/news2679.html]
[www.klonnewbio.com/en/news4658.html]
[www.klonnewbio.com/en/job_show681a.html]
[www.klonnewbio.com/en/aboutdcfd.html]
[www.klonnewbio.com/news2679.html]
[www.klonnewbio.com/en/news2679.html]
