[backblue.gif]
[fade.gif]
[index.html]
[www.jdf-tech.com.cn/image/index.jpg]
[www.jdf-tech.com.cn/index.html]
[www.jdf-tech.com.cn/cn/image/1.jpg]
[www.jdf-tech.com.cn/cn/image/2.jpg]
[www.jdf-tech.com.cn/cn/image/3.jpg]
[www.jdf-tech.com.cn/cn/image/4.jpg]
[www.jdf-tech.com.cn/cn/image/5.jpg]
[www.jdf-tech.com.cn/cn/image/6.jpg]
[www.jdf-tech.com.cn/cn/image/bcastr.swf]
[www.jdf-tech.com.cn/cn/image/18.jpg]
[www.jdf-tech.com.cn/edit_file/Image/2016-3-1/2016030117483453.jpg]
[www.jdf-tech.com.cn/cn/image/20.jpg]
[www.jdf-tech.com.cn/cn/image/21.jpg]
[www.jdf-tech.com.cn/cn/image/jt.jpg]
[www.jdf-tech.com.cn/cn/image/newx.jpg]
[www.jdf-tech.com.cn/cn/image/22.jpg]
[www.jdf-tech.com.cn/upimg/20106811175973.bmp]
[www.jdf-tech.com.cn/upimg/201342511129791.jpg]
[www.jdf-tech.com.cn/cn/image/26.jpg]
[www.jdf-tech.com.cn/cn/image/27.jpg]
[www.jdf-tech.com.cn/cn/image/28.jpg]
[www.jdf-tech.com.cn/cn/image/29.jpg]
[www.jdf-tech.com.cn/cn/index.html]
[www.jdf-tech.com.cn/en/image/1.jpg]
[www.jdf-tech.com.cn/en/image/2.jpg]
[www.jdf-tech.com.cn/en/image/3.jpg]
[www.jdf-tech.com.cn/en/image/4.jpg]
[www.jdf-tech.com.cn/en/image/5.jpg]
[www.jdf-tech.com.cn/en/image/6.jpg]
[www.jdf-tech.com.cn/en/image/bcastr.swf]
[www.jdf-tech.com.cn/en/image/18.jpg]
[www.jdf-tech.com.cn/en/image/20.jpg]
[www.jdf-tech.com.cn/en/image/21.jpg]
[www.jdf-tech.com.cn/en/image/jt.jpg]
[www.jdf-tech.com.cn/en/image/newx.jpg]
[www.jdf-tech.com.cn/en/image/22.jpg]
[www.jdf-tech.com.cn/upimg/2010611135721946.jpg]
[www.jdf-tech.com.cn/en/image/26.jpg]
[www.jdf-tech.com.cn/en/image/27.jpg]
[www.jdf-tech.com.cn/en/image/28.jpg]
[www.jdf-tech.com.cn/en/image/29.jpg]
[www.jdf-tech.com.cn/en/index.html]
[www.jdf-tech.com.cn/cn/image/19.jpg]
[www.jdf-tech.com.cn/cn/image/8.jpg]
[www.jdf-tech.com.cn/cn/image/17.jpg]
[www.jdf-tech.com.cn/cn/image/9.jpg]
[www.jdf-tech.com.cn/cn/image/bullet_grid.gif]
[www.jdf-tech.com.cn/cn/image/dot.png]
[www.jdf-tech.com.cn/cn/css/css.css]
[www.jdf-tech.com.cn/edit_file/Image/2010-5-19/2010051917475815.jpg]
[www.jdf-tech.com.cn/cn/about.html]
[www.jdf-tech.com.cn/cn/image/299.jpg]
[www.jdf-tech.com.cn/cn/news.html]
[www.jdf-tech.com.cn/upimg/201221493929368.jpg]
[www.jdf-tech.com.cn/upimg/2012221151710798.jpg]
[www.jdf-tech.com.cn/upimg/201222115187912.jpg]
[www.jdf-tech.com.cn/upimg/20106812856937.bmp]
[www.jdf-tech.com.cn/upimg/2010111142046256.gif]
[www.jdf-tech.com.cn/upimg/201292915454834.jpg]
[www.jdf-tech.com.cn/upimg/2012929154523865.jpg]
[www.jdf-tech.com.cn/upimg/2012929154649537.jpg]
[www.jdf-tech.com.cn/upimg/2012929153524821.jpg]
[www.jdf-tech.com.cn/upimg/201292915373853.jpg]
[www.jdf-tech.com.cn/upimg/2012929153721309.jpg]
[www.jdf-tech.com.cn/upimg/2012929153741411.jpg]
[www.jdf-tech.com.cn/upimg/201068111820297.bmp]
[www.jdf-tech.com.cn/upimg/2010610184821396.gif]
[www.jdf-tech.com.cn/upimg/2011101111121941.jpg]
[www.jdf-tech.com.cn/cn/product.html]
[www.jdf-tech.com.cn/cn/image/sen.jpg]
[www.jdf-tech.com.cn/cn/order.html]
[www.jdf-tech.com.cn/cn/image/suo.jpg]
[www.jdf-tech.com.cn/cn/image/in.jpg]
[www.jdf-tech.com.cn/cn/image/register.jpg]
[www.jdf-tech.com.cn/cn/person_login.html]
[www.jdf-tech.com.cn/cn/gong.html]
[www.jdf-tech.com.cn/cn/zhao.html]
[www.jdf-tech.com.cn/cn/job.html]
[www.jdf-tech.com.cn/edit_file/Image/2016-3-1/2016030117471761.jpg]
[www.jdf-tech.com.cn/cn/contact.html]
[404.safedog.cn/images/safedogsite/head.png]
[www.jdf-tech.com.cn/cn/image/banner_0.jpg_image/banner_1.jpg_image/banner_2.jpg_image/banner_3.jpg_image/banner_4.html]
[www.jdf-tech.com.cn/cn/productf4ff.html]
[www.jdf-tech.com.cn/upimg/2011101012510571.jpg]
[www.jdf-tech.com.cn/upimg/20111010125133125.jpg]
[www.jdf-tech.com.cn/upimg/201069173738493.jpg]
[www.jdf-tech.com.cn/upimg/20106917833955.jpg]
[www.jdf-tech.com.cn/upimg/201484145913437.jpg]
[www.jdf-tech.com.cn/upimg/201484145129863.jpg]
[www.jdf-tech.com.cn/upimg/2013109174023315.jpg]
[www.jdf-tech.com.cn/upimg/2013108162944116.jpg]
[www.jdf-tech.com.cn/cn/product4015.html]
[www.jdf-tech.com.cn/upimg/201061018378164.jpg]
[www.jdf-tech.com.cn/upimg/2010610182055982.jpg]
[www.jdf-tech.com.cn/upimg/2010520131747685.jpg]
[www.jdf-tech.com.cn/upimg/201068144715730.jpg]
[www.jdf-tech.com.cn/cn/productc403.html]
[www.jdf-tech.com.cn/upimg/201061010249879.bmp]
[www.jdf-tech.com.cn/upimg/2010610194740811.jpg]
[www.jdf-tech.com.cn/upimg/2010610195232890.jpg]
[www.jdf-tech.com.cn/upimg/2010610194925519.jpg]
[www.jdf-tech.com.cn/upimg/2010610194517270.jpg]
[www.jdf-tech.com.cn/upimg/2010610194441668.jpg]
[www.jdf-tech.com.cn/upimg/201061019379186.gif]
[www.jdf-tech.com.cn/cn/product7bcc.html]
[www.jdf-tech.com.cn/upimg/20119209366772.gif]
[www.jdf-tech.com.cn/upimg/201192093056116.jpg]
[www.jdf-tech.com.cn/upimg/201068145055702.jpg]
[www.jdf-tech.com.cn/upimg/2010610114928311.gif]
[www.jdf-tech.com.cn/upimg/20111011105433380.jpg]
[www.jdf-tech.com.cn/upimg/20111011104433153.jpg]
[www.jdf-tech.com.cn/cn/productd841.html]
[www.jdf-tech.com.cn/upimg/2010101693335782.jpg]
[www.jdf-tech.com.cn/upimg/201010169373516.jpg]
[www.jdf-tech.com.cn/upimg/2010101692647337.jpg]
[www.jdf-tech.com.cn/upimg/2010101694050451.jpg]
[www.jdf-tech.com.cn/upimg/201010169445481.jpg]
[www.jdf-tech.com.cn/upimg/2010101692929314.jpg]
[www.jdf-tech.com.cn/upimg/2010101694631520.jpg]
[www.jdf-tech.com.cn/upimg/2010610194831460.jpg]
[www.jdf-tech.com.cn/upimg/201061019502574.jpg]
[www.jdf-tech.com.cn/upimg/2010610195128689.jpg]
[www.jdf-tech.com.cn/cn/product206b.html]
[www.jdf-tech.com.cn/upimg/2011523181510725.jpg]
[www.jdf-tech.com.cn/upimg/2011427102548128.jpg]
[www.jdf-tech.com.cn/upimg/2010109224024550.jpg]
[www.jdf-tech.com.cn/upimg/2011427114559237.jpg]
[www.jdf-tech.com.cn/upimg/2011427112612586.jpg]
[www.jdf-tech.com.cn/upimg/2013109104530367.jpg]
[www.jdf-tech.com.cn/upimg/201372695851743.jpg]
[www.jdf-tech.com.cn/upimg/201372695422443.jpg]
[www.jdf-tech.com.cn/upimg/201372695043609.jpg]
[www.jdf-tech.com.cn/upimg/201372693754784.jpg]
[www.jdf-tech.com.cn/upimg/20137269318567.jpg]
[www.jdf-tech.com.cn/upimg/201372692154142.jpg]
[www.jdf-tech.com.cn/upimg/201372691451225.jpg]
[www.jdf-tech.com.cn/upimg/20137269621306.jpg]
[www.jdf-tech.com.cn/cn/product3bf3.html]
[www.jdf-tech.com.cn/edit_file/Image/2019-12-6/2019120612053431.jpg]
[www.jdf-tech.com.cn/cn/disnew8e6a.html]
[www.jdf-tech.com.cn/edit_file/Image/2019-12-6/2019120612013750.jpg]
[www.jdf-tech.com.cn/cn/disnewc88b.html]
[www.jdf-tech.com.cn/edit_file/Image/2019-11-5/2019110509202837.jpg]
[www.jdf-tech.com.cn/edit_file/Image/2019-11-5/2019110509204056.jpg]
[www.jdf-tech.com.cn/edit_file/Image/2019-11-5/2019110509210546.jpg]
[www.jdf-tech.com.cn/edit_file/Image/2019-11-5/2019110509212079.jpg]
[www.jdf-tech.com.cn/edit_file/Image/2019-11-5/2019110509213867.jpg]
[www.jdf-tech.com.cn/cn/disnew2bbc.html]
[www.jdf-tech.com.cn/edit_file/Image/2019-11-5/2019110508511290.jpg]
[www.jdf-tech.com.cn/edit_file/Image/2019-11-5/2019110508512494.jpg]
[www.jdf-tech.com.cn/edit_file/Image/2019-11-5/2019110508513364.jpg]
[www.jdf-tech.com.cn/edit_file/Image/2019-11-5/2019110508520396.jpg]
[www.jdf-tech.com.cn/edit_file/Image/2019-11-5/2019110508521753.jpg]
[www.jdf-tech.com.cn/edit_file/Image/2019-11-5/2019110508522723.jpg]
[www.jdf-tech.com.cn/edit_file/Image/2019-11-5/2019110508523696.jpg]
[www.jdf-tech.com.cn/edit_file/Image/2019-11-5/2019110508524913.jpg]
[www.jdf-tech.com.cn/edit_file/Image/2019-11-5/2019110508525954.jpg]
[www.jdf-tech.com.cn/edit_file/Image/2019-11-5/2019110509042551.jpg]
[www.jdf-tech.com.cn/cn/disnew4d7f.html]
[www.jdf-tech.com.cn/cn/disnew1e87.html]
[www.jdf-tech.com.cn/upimg/d20106811175973.bmp]
[www.jdf-tech.com.cn/cn/image/287.jpg]
[www.jdf-tech.com.cn/cn/disprodcfd.html]
[www.jdf-tech.com.cn/upimg/d201342511129791.jpg]
[www.jdf-tech.com.cn/cn/disprob182.html]
[www.jdf-tech.com.cn/cn/image/fenc1.jpg_image/fenc2.jpg_image/fenc3.html]
[www.jdf-tech.com.cn/en/image/19.jpg]
[www.jdf-tech.com.cn/en/image/8.jpg]
[www.jdf-tech.com.cn/en/image/17.jpg]
[www.jdf-tech.com.cn/en/image/9.jpg]
[www.jdf-tech.com.cn/en/image/bullet_grid.gif]
[www.jdf-tech.com.cn/en/image/dot.png]
[www.jdf-tech.com.cn/en/css/css.css]
[www.jdf-tech.com.cn/en/about.html]
[www.jdf-tech.com.cn/en/image/299.jpg]
[www.jdf-tech.com.cn/en/news.html]
[www.jdf-tech.com.cn/en/product.html]
[www.jdf-tech.com.cn/en/image/sen.jpg]
[www.jdf-tech.com.cn/en/order.html]
[www.jdf-tech.com.cn/en/image/suo.jpg]
[www.jdf-tech.com.cn/en/image/in.jpg]
[www.jdf-tech.com.cn/en/image/register.jpg]
[www.jdf-tech.com.cn/en/person_login.html]
[www.jdf-tech.com.cn/en/gong.html]
[www.jdf-tech.com.cn/en/zhao.html]
[www.jdf-tech.com.cn/en/job.html]
[www.jdf-tech.com.cn/en/contact.html]
[www.jdf-tech.com.cn/en/image/banner_0.jpg_image/banner_1.jpg_image/banner_2.jpg_image/banner_3.jpg_image/banner_4.html]
[www.jdf-tech.com.cn/en/productc532.html]
[www.jdf-tech.com.cn/en/disnew87f1.html]
[www.jdf-tech.com.cn/upimg/d2010611135721946.jpg]
[www.jdf-tech.com.cn/en/image/287.jpg]
[www.jdf-tech.com.cn/en/dispro084d.html]
[www.jdf-tech.com.cn/en/image/fenc1.jpg_image/fenc2.jpg_image/fenc3.html]
[www.jdf-tech.com.cn/cn/about681a.html]
[www.jdf-tech.com.cn/cn/about0b30.html]
[www.jdf-tech.com.cn/edit_file/Image/2010-5-26/2010052618480525.bmp]
[www.jdf-tech.com.cn/cn/about9c8a.html]
[www.jdf-tech.com.cn/cn/newse173.html]
[www.jdf-tech.com.cn/cn/newse15e.html]
[www.jdf-tech.com.cn/cn/disnew2455.html]
[www.jdf-tech.com.cn/cn/disnew78d7.html]
[www.jdf-tech.com.cn/edit_file/Image/2019-9-11/2019091117094431.png]
[www.jdf-tech.com.cn/edit_file/Image/2019-9-11/2019091117101190.png]
[www.jdf-tech.com.cn/cn/disnew920d.html]
[www.jdf-tech.com.cn/cn/disnew87cf.html]
[www.jdf-tech.com.cn/cn/news0f12.html]
[www.jdf-tech.com.cn/cn/news1138.html]
[www.jdf-tech.com.cn/cn/newsbaab.html]
[www.jdf-tech.com.cn/cn/newsbb0f.html]
[www.jdf-tech.com.cn/cn/newsb305.html]
[www.jdf-tech.com.cn/cn/news3dc5.html]
[www.jdf-tech.com.cn/cn/news8f81.html]
[www.jdf-tech.com.cn/cn/newsa08c.html]
[www.jdf-tech.com.cn/cn/news4865.html]
[www.jdf-tech.com.cn/upimg/20131010155617155.jpg]
[www.jdf-tech.com.cn/upimg/20131010155037873.jpg]
[www.jdf-tech.com.cn/upimg/2013109105529124.jpg]
[www.jdf-tech.com.cn/upimg/2013109105014514.jpg]
[www.jdf-tech.com.cn/upimg/2013109104755385.jpg]
[www.jdf-tech.com.cn/upimg/2013109104010536.jpg]
[www.jdf-tech.com.cn/upimg/2013109103423271.jpg]
[www.jdf-tech.com.cn/upimg/201374142715125.jpg]
[www.jdf-tech.com.cn/upimg/201374142448835.jpg]
[www.jdf-tech.com.cn/upimg/20137414139817.jpg]
[www.jdf-tech.com.cn/upimg/20137414119728.jpg]
[www.jdf-tech.com.cn/upimg/201110118550227.jpg]
[www.jdf-tech.com.cn/upimg/201132910326995.jpg]
[www.jdf-tech.com.cn/upimg/2011329102530727.jpg]
[www.jdf-tech.com.cn/upimg/2011329102233986.jpg]
[www.jdf-tech.com.cn/cn/product8815.html]
[www.jdf-tech.com.cn/upimg/2010611113739837.jpg]
[www.jdf-tech.com.cn/upimg/201069181042149.jpg]
[www.jdf-tech.com.cn/upimg/20106918551504.bmp]
[www.jdf-tech.com.cn/upimg/201292916452445.jpg]
[www.jdf-tech.com.cn/upimg/201292915579250.jpg]
[www.jdf-tech.com.cn/upimg/2010610111321959.jpg]
[www.jdf-tech.com.cn/upimg/2010610103515631.jpg]
[www.jdf-tech.com.cn/upimg/201131412421996.jpg]
[www.jdf-tech.com.cn/upimg/2010610105325660.jpg]
[www.jdf-tech.com.cn/upimg/2010610103151670.jpg]
[www.jdf-tech.com.cn/upimg/2010610113318888.jpg]
[www.jdf-tech.com.cn/cn/producta96f.html]
[www.jdf-tech.com.cn/upimg/2014819151534139.jpg]
[www.jdf-tech.com.cn/upimg/20131010152353297.jpg]
[www.jdf-tech.com.cn/upimg/20131010151144499.jpg]
[www.jdf-tech.com.cn/upimg/2013104123146809.jpg]
[www.jdf-tech.com.cn/upimg/2013108161620176.jpg]
[www.jdf-tech.com.cn/cn/productb285.html]
[www.jdf-tech.com.cn/upimg/201374143418801.jpg]
[www.jdf-tech.com.cn/cn/product3695.html]
[www.jdf-tech.com.cn/cn/pro_listdcfd.html]
[www.jdf-tech.com.cn/cn/pro_listd708.html]
[www.jdf-tech.com.cn/cn/pro_list1e35.html]
[www.jdf-tech.com.cn/cn/pro_listab5e.html]
[www.jdf-tech.com.cn/cn/pro_list4411.html]
[www.jdf-tech.com.cn/cn/pro_listdac1.html]
[www.jdf-tech.com.cn/cn/pro_listef73.html]
[www.jdf-tech.com.cn/cn/pro_listd5e8.html]
[www.jdf-tech.com.cn/upimg/d201221493929368.jpg]
[www.jdf-tech.com.cn/cn/dispro2c6d.html]
[www.jdf-tech.com.cn/upimg/d2012221151710798.jpg]
[www.jdf-tech.com.cn/cn/dispro02b6.html]
[www.jdf-tech.com.cn/upimg/d201222115187912.jpg]
[www.jdf-tech.com.cn/cn/disprof3bc.html]
[www.jdf-tech.com.cn/upimg/d20106812856937.bmp]
[www.jdf-tech.com.cn/cn/dispro3a9f.html]
[www.jdf-tech.com.cn/upimg/d2010111142046256.gif]
[www.jdf-tech.com.cn/cn/dispro37ab.html]
[www.jdf-tech.com.cn/upimg/d201292915454834.jpg]
[www.jdf-tech.com.cn/cn/disprod575.html]
[www.jdf-tech.com.cn/upimg/d2012929154523865.jpg]
[www.jdf-tech.com.cn/cn/dispro0641.html]
[www.jdf-tech.com.cn/upimg/d2012929154649537.jpg]
[www.jdf-tech.com.cn/cn/dispro8aa8.html]
[www.jdf-tech.com.cn/upimg/d2012929153524821.jpg]
[www.jdf-tech.com.cn/cn/dispro28aa.html]
[www.jdf-tech.com.cn/upimg/d201292915373853.jpg]
[www.jdf-tech.com.cn/cn/disproe783.html]
[www.jdf-tech.com.cn/upimg/d2012929153721309.jpg]
[www.jdf-tech.com.cn/cn/disproe8ec.html]
[www.jdf-tech.com.cn/upimg/d2012929153741411.jpg]
[www.jdf-tech.com.cn/cn/dispro3234.html]
[www.jdf-tech.com.cn/upimg/d201068111820297.bmp]
[www.jdf-tech.com.cn/cn/dispro8803.html]
[www.jdf-tech.com.cn/upimg/d2010610184821396.gif]
[www.jdf-tech.com.cn/cn/disproe371.html]
[www.jdf-tech.com.cn/upimg/d2011101111121941.jpg]
[www.jdf-tech.com.cn/cn/dispro47c2.html]
[www.jdf-tech.com.cn/cn/producta362.html]
[www.jdf-tech.com.cn/cn/producta3f8.html]
[www.jdf-tech.com.cn/cn/product6640.html]
[www.jdf-tech.com.cn/upimg/201372517200412.jpg]
[www.jdf-tech.com.cn/cn/product4c50.html]
[www.jdf-tech.com.cn/upimg/201372483456237.jpg]
[www.jdf-tech.com.cn/cn/product1752.html]
[www.jdf-tech.com.cn/cn/product5760.html]
[www.jdf-tech.com.cn/cn/scripts/checkform.js]
[www.jdf-tech.com.cn/admin/getcode.html]
[www.jdf-tech.com.cn/admin/getcodea18a.html]
[www.jdf-tech.com.cn/cn/image/righ.jpg]
[www.jdf-tech.com.cn/cn/image/reg.jpg]
[www.jdf-tech.com.cn/cn/person_reg.html]
[www.jdf-tech.com.cn/cn/gong64d9.html]
[www.jdf-tech.com.cn/cn/gongff29.html]
[www.jdf-tech.com.cn/cn/gong82dd.html]
[www.jdf-tech.com.cn/edit_file/Image/2016-3-1/2016030117443227.jpg]
[www.jdf-tech.com.cn/cn/disgong8eeb.html]
[www.jdf-tech.com.cn/edit_file/Image/2014-8-27/2014082716143717.jpg]
[www.jdf-tech.com.cn/cn/disgongace9.html]
[www.jdf-tech.com.cn/cn/disgong1967.html]
[www.jdf-tech.com.cn/cn/disgongac0b.html]
[www.jdf-tech.com.cn/cn/disgongdfc6.html]
[www.jdf-tech.com.cn/cn/disgongbd12.html]
[www.jdf-tech.com.cn/cn/disgong6566.html]
[www.jdf-tech.com.cn/cn/disgongd17a.html]
[www.jdf-tech.com.cn/cn/disgong51c2.html]
[www.jdf-tech.com.cn/cn/disgongf9a9.html]
[www.jdf-tech.com.cn/cn/gong78e1.html]
[www.jdf-tech.com.cn/cn/gongfdce.html]
[www.jdf-tech.com.cn/cn/gongb486.html]
[www.jdf-tech.com.cn/cn/gong353e.html]
[www.jdf-tech.com.cn/cn/zhao8803.html]
[www.jdf-tech.com.cn/cn/zhaoc3c9.html]
[www.jdf-tech.com.cn/cn/zhao5255.html]
[www.jdf-tech.com.cn/cn/zhaocdef.html]
[www.jdf-tech.com.cn/cn/zhao95dc.html]
[www.jdf-tech.com.cn/edit_file/Image/2010-6-6/2010060618420226.bmp]
[www.jdf-tech.com.cn/cn/zhao1434.html]
[www.jdf-tech.com.cn/cn/zhao8bcf.html]
[www.jdf-tech.com.cn/cn/job_about.html]
[www.jdf-tech.com.cn/cn/job_yp.html]
[www.jdf-tech.com.cn/cn/job4658.html]
[www.jdf-tech.com.cn/cn/image/lyb04.gif]
[www.jdf-tech.com.cn/cn/guestbook.html]
[www.jdf-tech.com.cn/cn/contactf41b.html]
[www.jdf-tech.com.cn/edit_file/Image/2015-3-27/2015032711592020.jpg]
[www.jdf-tech.com.cn/cn/contact0055.html]
[404.safedog.cn/Scripts/url.html]
[www.jdf-tech.com.cn/upimg/d2011101012510571.jpg]
[www.jdf-tech.com.cn/cn/disproe27e.html]
[www.jdf-tech.com.cn/upimg/d20111010125133125.jpg]
[www.jdf-tech.com.cn/cn/dispro1a6a.html]
[www.jdf-tech.com.cn/upimg/d201069173738493.jpg]
[www.jdf-tech.com.cn/cn/dispro4ef9.html]
[www.jdf-tech.com.cn/upimg/d20106917833955.jpg]
[www.jdf-tech.com.cn/edit_file/Image/2010-6-9/2010060917095716.jpg]
[www.jdf-tech.com.cn/cn/dispro0055.html]
[www.jdf-tech.com.cn/upimg/d201484145913437.jpg]
[www.jdf-tech.com.cn/edit_file/Image/2014-8-4/2014080415012930.jpg]
[www.jdf-tech.com.cn/cn/dispro9b05.html]
[www.jdf-tech.com.cn/upimg/d201484145129863.jpg]
[www.jdf-tech.com.cn/edit_file/Image/2014-8-4/2014080414523548.jpg]
[www.jdf-tech.com.cn/cn/disproa6dd.html]
[www.jdf-tech.com.cn/upimg/d2013109174023315.jpg]
[www.jdf-tech.com.cn/cn/dispro7e46.html]
[www.jdf-tech.com.cn/upimg/d2013108162944116.jpg]
[www.jdf-tech.com.cn/cn/dispro97d4.html]
[www.jdf-tech.com.cn/upimg/d201061018378164.jpg]
[www.jdf-tech.com.cn/cn/dispro5255.html]
[www.jdf-tech.com.cn/upimg/d2010610182055982.jpg]
[www.jdf-tech.com.cn/cn/disprod708.html]
[www.jdf-tech.com.cn/upimg/d2010520131747685.jpg]
[www.jdf-tech.com.cn/cn/disproc3c9.html]
[www.jdf-tech.com.cn/upimg/d201068144715730.jpg]
[www.jdf-tech.com.cn/cn/disprof41b.html]
[www.bloodgroup.com.cn/images/product/67.2ae.delayed]
[www.jdf-tech.com.cn/cn/dispro0724.html]
[www.jdf-tech.com.cn/upimg/d201061010249879.bmp]
[www.jdf-tech.com.cn/cn/dispro87f1.html]
[www.jdf-tech.com.cn/upimg/d2010610194740811.jpg]
[www.jdf-tech.com.cn/cn/dispro3162.html]
[www.jdf-tech.com.cn/upimg/d2010610195232890.jpg]
[www.jdf-tech.com.cn/cn/dispro6fb5.html]
[www.jdf-tech.com.cn/upimg/d2010610194925519.jpg]
[www.jdf-tech.com.cn/cn/dispro1434.html]
[www.jdf-tech.com.cn/upimg/d2010610194517270.jpg]
[www.jdf-tech.com.cn/cn/disprodac1.html]
[www.jdf-tech.com.cn/upimg/d2010610194441668.jpg]
[www.jdf-tech.com.cn/cn/disproef73.html]
[www.jdf-tech.com.cn/upimg/d201061019379186.gif]
[www.jdf-tech.com.cn/cn/disprod5e8.html]
[www.jdf-tech.com.cn/upimg/d20119209366772.gif]
[www.jdf-tech.com.cn/cn/disprobc58.html]
[www.jdf-tech.com.cn/upimg/d201192093056116.jpg]
[www.jdf-tech.com.cn/cn/disprod8c4.html]
[www.jdf-tech.com.cn/upimg/d201068145055702.jpg]
[www.jdf-tech.com.cn/cn/dispro7429.html]
[www.jdf-tech.com.cn/upimg/d2010610114928311.gif]
[www.jdf-tech.com.cn/cn/dispro6e03.html]
[www.jdf-tech.com.cn/upimg/d20111011105433380.jpg]
[www.jdf-tech.com.cn/cn/dispro1a85.html]
[www.jdf-tech.com.cn/upimg/d20111011104433153.jpg]
[www.jdf-tech.com.cn/cn/dispro5ea1.html]
[www.jdf-tech.com.cn/upimg/d2010101693335782.jpg]
[www.jdf-tech.com.cn/cn/dispro1e85.html]
[www.jdf-tech.com.cn/upimg/d201010169373516.jpg]
[www.jdf-tech.com.cn/cn/disproa9e4.html]
[www.jdf-tech.com.cn/upimg/d2010101692647337.jpg]
[www.jdf-tech.com.cn/cn/disprofddb.html]
[www.jdf-tech.com.cn/upimg/d2010101694050451.jpg]
[www.jdf-tech.com.cn/cn/disproadbc.html]
[www.jdf-tech.com.cn/upimg/d201010169445481.jpg]
[www.jdf-tech.com.cn/cn/dispro850a.html]
[www.jdf-tech.com.cn/upimg/d2010101692929314.jpg]
[www.jdf-tech.com.cn/cn/dispro3ca5.html]
[www.jdf-tech.com.cn/upimg/d2010101694631520.jpg]
[www.jdf-tech.com.cn/cn/dispro48db.html]
[www.jdf-tech.com.cn/upimg/d2010610194831460.jpg]
[www.jdf-tech.com.cn/cn/dispro3773.html]
[www.jdf-tech.com.cn/upimg/d201061019502574.jpg]
[www.jdf-tech.com.cn/cn/dispro95dc.html]
[www.jdf-tech.com.cn/upimg/d2010610195128689.jpg]
[www.jdf-tech.com.cn/cn/dispro8bcf.html]
[www.jdf-tech.com.cn/upimg/d2011523181510725.jpg]
[www.jdf-tech.com.cn/cn/disproa9bc.html]
[www.jdf-tech.com.cn/upimg/d2011427102548128.jpg]
[www.jdf-tech.com.cn/cn/dispro619c.html]
[www.jdf-tech.com.cn/upimg/d2010109224024550.jpg]
[www.jdf-tech.com.cn/cn/dispro7d36.html]
[www.jdf-tech.com.cn/upimg/d2011427114559237.jpg]
[www.jdf-tech.com.cn/cn/dispro3ebc.html]
[www.jdf-tech.com.cn/upimg/d2011427112612586.jpg]
[www.jdf-tech.com.cn/cn/dispro3221.html]
[www.jdf-tech.com.cn/upimg/d2013109104530367.jpg]
[www.jdf-tech.com.cn/cn/disproc17f.html]
[www.jdf-tech.com.cn/upimg/d201372695851743.jpg]
[www.jdf-tech.com.cn/cn/disprod625.html]
[www.jdf-tech.com.cn/upimg/d201372695422443.jpg]
[www.jdf-tech.com.cn/cn/dispro09c3.html]
[www.jdf-tech.com.cn/upimg/d201372695043609.jpg]
[www.jdf-tech.com.cn/cn/disprobce2.html]
[www.jdf-tech.com.cn/upimg/d201372693754784.jpg]
[www.jdf-tech.com.cn/cn/dispro004c.html]
[www.jdf-tech.com.cn/upimg/d20137269318567.jpg]
[www.jdf-tech.com.cn/cn/dispro64d0.html]
[www.jdf-tech.com.cn/upimg/d201372692154142.jpg]
[www.jdf-tech.com.cn/cn/dispro79ff.html]
[www.jdf-tech.com.cn/upimg/d201372691451225.jpg]
[www.jdf-tech.com.cn/cn/dispro9bb2.html]
[www.jdf-tech.com.cn/upimg/d20137269621306.jpg]
[www.jdf-tech.com.cn/cn/disprob3a3.html]
[www.jdf-tech.com.cn/cn/product8a63.html]
[www.jdf-tech.com.cn/cn/orderdcfd.html]
[www.jdf-tech.com.cn/cn/orderb182.html]
[www.jdf-tech.com.cn/en/about4ef9.html]
[www.jdf-tech.com.cn/en/about6e03.html]
[www.jdf-tech.com.cn/en/about87f1.html]
[www.jdf-tech.com.cn/en/news4b25.html]
[www.jdf-tech.com.cn/en/news696f.html]
[www.jdf-tech.com.cn/en/pro_list7429.html]
[www.jdf-tech.com.cn/en/scripts/checkform.js]
[www.jdf-tech.com.cn/en/image/righ.jpg]
[www.jdf-tech.com.cn/en/image/reg.jpg]
[www.jdf-tech.com.cn/en/person_reg.html]
[www.jdf-tech.com.cn/en/gongbc33.html]
[www.jdf-tech.com.cn/en/gongc594.html]
[www.jdf-tech.com.cn/en/gong3c85.html]
[www.jdf-tech.com.cn/en/zhaoe5cc.html]
[www.jdf-tech.com.cn/en/zhao6258.html]
[www.jdf-tech.com.cn/en/zhao2e5f.html]
[www.jdf-tech.com.cn/en/job_about.html]
[www.jdf-tech.com.cn/en/job_yp.html]
[www.jdf-tech.com.cn/en/guestbook.html]
[www.jdf-tech.com.cn/en/contacte371.html]
[www.jdf-tech.com.cn/en/contacta9bc.html]
[www.jdf-tech.com.cn/en/order084d.html]
[www.jdf-tech.com.cn/cn/disnew09f9.html]
[www.jdf-tech.com.cn/cn/disnew043e.html]
[www.jdf-tech.com.cn/cn/disnewd1d2.html]
[www.jdf-tech.com.cn/edit_file/Image/2014-3-11/2014031110083281.jpg]
[www.jdf-tech.com.cn/edit_file/Image/2014-3-11/2014031110094597.jpg]
[www.jdf-tech.com.cn/edit_file/Image/2014-3-11/2014031110104375.jpg]
[www.jdf-tech.com.cn/edit_file/Image/2014-3-11/2014031110121363.jpg]
[www.jdf-tech.com.cn/cn/disnew3d04.html]
[www.jdf-tech.com.cn/edit_file/Image/2013-12-3/2013120314591621.jpg]
[www.jdf-tech.com.cn/edit_file/Image/2013-12-3/2013120315003151.jpg]
[www.jdf-tech.com.cn/edit_file/Image/2013-12-3/2013120315091589.jpg]
[www.jdf-tech.com.cn/edit_file/Image/2013-12-3/2013120315130451.jpg]
[www.jdf-tech.com.cn/edit_file/Image/2013-12-3/2013120315142367.jpg]
[www.jdf-tech.com.cn/cn/disnewa2fb.html]
[www.jdf-tech.com.cn/edit_file/Image/2013-9-11/2013091116351526.jpg]
[www.jdf-tech.com.cn/edit_file/Image/2013-9-12/2013091209174133.jpg]
[www.jdf-tech.com.cn/edit_file/Image/2013-9-12/2013091209202129.jpg]
[www.jdf-tech.com.cn/edit_file/Image/2013-9-12/2013091209211619.jpg]
[www.jdf-tech.com.cn/edit_file/Image/2013-9-12/2013091209310334.jpg]
[www.jdf-tech.com.cn/cn/disnewcf23.html]
[www.jdf-tech.com.cn/cn/disnewca2e.html]
[www.jdf-tech.com.cn/cn/disnew7251.html]
[www.jdf-tech.com.cn/cn/disnew7cff.html]
[www.jdf-tech.com.cn/cn/disnewf787.html]
[www.jdf-tech.com.cn/cn/newsea58.html]
[www.jdf-tech.com.cn/cn/news8c97.html]
[www.jdf-tech.com.cn/cn/newsf9c1.html]
[www.jdf-tech.com.cn/cn/news187c.html]
[www.jdf-tech.com.cn/cn/news62e5.html]
[www.jdf-tech.com.cn/cn/news9cb8.html]
[www.jdf-tech.com.cn/cn/newsc335.html]
[www.jdf-tech.com.cn/cn/news1552.html]
[www.jdf-tech.com.cn/cn/disnewa651.html]
[www.jdf-tech.com.cn/edit_file/Image/2019-9-6/2019090614290030.jpg]
[www.jdf-tech.com.cn/cn/disnewa947.html]
[www.jdf-tech.com.cn/cn/disnewa52f.html]
[www.jdf-tech.com.cn/edit_file/Image/2019-8-16/2019081614310062.jpg]
[www.jdf-tech.com.cn/edit_file/Image/2019-8-16/2019081614312199.jpg]
[www.jdf-tech.com.cn/cn/disnewb89b.html]
[www.jdf-tech.com.cn/cn/disnew97ab.html]
[www.jdf-tech.com.cn/edit_file/Image/2019-7-4/2019070416153012.jpg]
[www.jdf-tech.com.cn/cn/disnew6d26.html]
[www.jdf-tech.com.cn/cn/disnew9fc3.html]
[www.jdf-tech.com.cn/edit_file/Image/2019-7-4/2019070416091693.jpg]
[www.jdf-tech.com.cn/cn/disnew7223.html]
[www.jdf-tech.com.cn/cn/disnew9e97.html]
[www.jdf-tech.com.cn/cn/disnewaece.html]
[www.jdf-tech.com.cn/cn/news0b1b.html]
[www.jdf-tech.com.cn/cn/disnew4a06.html]
[www.jdf-tech.com.cn/edit_file/Image/2019-5-5/2019050516035880.jpg]
[www.jdf-tech.com.cn/edit_file/Image/2019-5-5/2019050516041564.jpg]
[www.jdf-tech.com.cn/cn/disnew5461.html]
[www.jdf-tech.com.cn/edit_file/Image/2019-5-5/2019050515593816.gif]
[www.jdf-tech.com.cn/cn/disnewbc80.html]
[www.jdf-tech.com.cn/edit_file/Image/2019-5-5/2019050515540577.jpg]
[www.jdf-tech.com.cn/edit_file/Image/2019-5-5/2019050515544096.jpg]
[www.jdf-tech.com.cn/edit_file/Image/2019-5-5/2019050515550037.jpg]
[www.jdf-tech.com.cn/edit_file/Image/2019-5-5/2019050515552185.jpg]
[www.jdf-tech.com.cn/edit_file/Image/2019-5-5/2019050515554221.jpg]
[www.jdf-tech.com.cn/edit_file/Image/2019-5-5/2019050515560480.jpg]
[www.jdf-tech.com.cn/cn/disnew3bb2.html]
[www.jdf-tech.com.cn/edit_file/Image/2019-4-2/2019040211204933.jpg]
[www.jdf-tech.com.cn/edit_file/Image/2019-4-2/2019040211212142.jpg]
[www.jdf-tech.com.cn/edit_file/Image/2019-4-2/2019040211215178.jpg]
[www.jdf-tech.com.cn/edit_file/Image/2019-4-2/2019040211221715.jpg]
[www.jdf-tech.com.cn/edit_file/Image/2019-4-2/2019040211225394.jpg]
[www.jdf-tech.com.cn/edit_file/Image/2019-4-2/2019040211231315.jpg]
[www.jdf-tech.com.cn/cn/disnew6a70.html]
[www.jdf-tech.com.cn/cn/disnewd08d.html]
[www.jdf-tech.com.cn/edit_file/Image/2019-4-2/2019040211110061.jpg]
[www.jdf-tech.com.cn/edit_file/Image/2019-4-2/2019040211112094.jpg]
[www.jdf-tech.com.cn/cn/disnew3c3b.html]
[www.jdf-tech.com.cn/cn/disnew1f24.html]
[www.jdf-tech.com.cn/edit_file/Image/2019-3-1/2019030110102721.jpg]
[www.jdf-tech.com.cn/edit_file/Image/2019-3-1/2019030110112180.jpg]
[www.jdf-tech.com.cn/edit_file/Image/2019-3-1/2019030110115726.jpg]
[www.jdf-tech.com.cn/edit_file/Image/2019-3-1/2019030110130112.jpg]
[www.jdf-tech.com.cn/edit_file/Image/2019-3-1/2019030110132897.jpg]
[www.jdf-tech.com.cn/edit_file/Image/2019-3-1/2019030110135226.jpg]
[www.jdf-tech.com.cn/edit_file/Image/2019-3-1/2019030110142469.jpg]
[www.jdf-tech.com.cn/edit_file/Image/2019-3-1/2019030110144959.jpg]
[www.jdf-tech.com.cn/cn/disnewfb87.html]
[www.jdf-tech.com.cn/cn/disnew65b7.html]
[www.jdf-tech.com.cn/cn/disnewaf7f.html]
[www.jdf-tech.com.cn/cn/disnew09f7.html]
[www.jdf-tech.com.cn/edit_file/Image/2019-1-18/2019011810224260.png]
[www.jdf-tech.com.cn/edit_file/Image/2019-1-18/2019011810233761.png]
[www.jdf-tech.com.cn/edit_file/Image/2019-1-18/2019011810241471.png]
[www.jdf-tech.com.cn/cn/disnewb42d.html]
[www.jdf-tech.com.cn/edit_file/Image/2019-1-17/2019011714415995.jpg]
[www.jdf-tech.com.cn/edit_file/Image/2019-1-17/2019011714422424.jpg]
[www.jdf-tech.com.cn/cn/disnewe5b0.html]
[www.jdf-tech.com.cn/cn/disnew56c8.html]
[www.jdf-tech.com.cn/cn/disnew06d3.html]
[www.jdf-tech.com.cn/cn/disnew3e5c.html]
[www.jdf-tech.com.cn/cn/disnew5b0f.html]
[www.jdf-tech.com.cn/cn/disnew3887.html]
[www.jdf-tech.com.cn/cn/disnewc637.html]
[www.jdf-tech.com.cn/cn/disnew6f50.html]
[www.jdf-tech.com.cn/cn/disnewd5bb.html]
[www.jdf-tech.com.cn/cn/disnew06cb.html]
[www.jdf-tech.com.cn/cn/disnew0284.html]
[www.jdf-tech.com.cn/cn/disnew9b99.html]
[www.jdf-tech.com.cn/cn/disnew3dd2.html]
[www.jdf-tech.com.cn/cn/disnewe1a4.html]
[www.jdf-tech.com.cn/cn/disnewdf8d.html]
[www.jdf-tech.com.cn/cn/disnewde44.html]
[www.jdf-tech.com.cn/cn/disnewef1f.html]
[www.jdf-tech.com.cn/cn/disnewd443.html]
[www.jdf-tech.com.cn/cn/disnew46ee.html]
[www.jdf-tech.com.cn/cn/disnew3d1c.html]
[www.jdf-tech.com.cn/cn/disnewaf9f.html]
[www.jdf-tech.com.cn/cn/disnew9b58.html]
[www.jdf-tech.com.cn/cn/disnew1623.html]
[www.jdf-tech.com.cn/cn/disnewfbc5.html]
[www.jdf-tech.com.cn/cn/newsf764.html]
[www.jdf-tech.com.cn/cn/disnewad05.html]
[www.jdf-tech.com.cn/cn/disnew7a5b.html]
[www.jdf-tech.com.cn/cn/disnew75aa.html]
[www.jdf-tech.com.cn/cn/disnew0202.html]
[www.jdf-tech.com.cn/cn/disnewf1d7.html]
[www.jdf-tech.com.cn/cn/disnew6105.html]
[www.jdf-tech.com.cn/cn/disnew591b.html]
[www.jdf-tech.com.cn/cn/disnewb9ce.html]
[www.jdf-tech.com.cn/edit_file/Image/2018-2-1/2018020110091950.jpg]
[www.jdf-tech.com.cn/cn/disnew8c00.html]
[www.jdf-tech.com.cn/cn/disnewd919.html]
[www.jdf-tech.com.cn/cn/news8e71.html]
[www.jdf-tech.com.cn/cn/disnew284c.html]
[www.jdf-tech.com.cn/cn/disnew784c.html]
[www.jdf-tech.com.cn/cn/disnew9329.html]
[www.jdf-tech.com.cn/cn/disnewec01.html]
[www.jdf-tech.com.cn/cn/disnew8bdf.html]
[www.jdf-tech.com.cn/cn/disnewa4e9.html]
[www.jdf-tech.com.cn/cn/disnew98a8.html]
[www.jdf-tech.com.cn/cn/disnew6b17.html]
[www.jdf-tech.com.cn/cn/disnewca7f.html]
[www.jdf-tech.com.cn/cn/disnew2aff.html]
[www.jdf-tech.com.cn/edit_file/Image/2018-1-18/2018011811193346.png]
[www.jdf-tech.com.cn/cn/news732b.html]
[www.jdf-tech.com.cn/cn/disnew961b.html]
[www.jdf-tech.com.cn/cn/disnew8776.html]
[www.jdf-tech.com.cn/cn/disnew008c.html]
[www.jdf-tech.com.cn/cn/disnewf3bf.html]
[www.jdf-tech.com.cn/cn/disnew5869.html]
[www.jdf-tech.com.cn/cn/disnewfedf.html]
[www.jdf-tech.com.cn/edit_file/Image/2017-8-4/2017080417225727.png]
[www.jdf-tech.com.cn/edit_file/Image/2017-8-4/2017080417231163.png]
[www.jdf-tech.com.cn/edit_file/Image/2017-8-4/2017080417232331.png]
[www.jdf-tech.com.cn/edit_file/Image/2017-8-4/2017080417233583.png]
[www.jdf-tech.com.cn/cn/disnewf843.html]
[www.jdf-tech.com.cn/cn/disnew1d56.html]
[www.jdf-tech.com.cn/cn/disnew70e1.html]
[www.jdf-tech.com.cn/edit_file/Image/2017-8-4/2017080416193079.png]
[www.jdf-tech.com.cn/cn/disnewae52.html]
[www.jdf-tech.com.cn/cn/newsccce.html]
[www.jdf-tech.com.cn/cn/disnew0b30.html]
[www.jdf-tech.com.cn/cn/disnew681a.html]
[www.jdf-tech.com.cn/cn/disnewd9e6.html]
[www.jdf-tech.com.cn/cn/newsa269.html]
[www.jdf-tech.com.cn/cn/news5bc1.html]
[www.jdf-tech.com.cn/cn/newsb5ec.html]
[www.jdf-tech.com.cn/cn/news2133.html]
[www.jdf-tech.com.cn/cn/newsba4f.html]
[www.jdf-tech.com.cn/cn/news884c.html]
[www.jdf-tech.com.cn/cn/news5ca6.html]
[www.jdf-tech.com.cn/cn/news2170.html]
[www.jdf-tech.com.cn/cn/news7b56.html]
[www.jdf-tech.com.cn/upimg/d20131010155617155.jpg]
[www.jdf-tech.com.cn/cn/disproa262.html]
[www.jdf-tech.com.cn/upimg/d20131010155037873.jpg]
[www.jdf-tech.com.cn/cn/dispro6d44.html]
[www.jdf-tech.com.cn/upimg/d2013109105529124.jpg]
[www.jdf-tech.com.cn/cn/dispro3b75.html]
[www.jdf-tech.com.cn/upimg/d2013109105014514.jpg]
[www.jdf-tech.com.cn/cn/dispro0f0e.html]
[www.jdf-tech.com.cn/upimg/d2013109104755385.jpg]
